Component: ARM Compiler 5.05 update 1 (build 106) Tool: armlink [4d0efa]

==============================================================================

Section Cross References

    main.o(i.Init_All) refers to delay.o(i.delay_init) for delay_init
    main.o(i.Init_All) refers to system_stm32f10x.o(i.SystemInit) for SystemInit
    main.o(i.Init_All) refers to led.o(i.LED_Init) for LED_Init
    main.o(i.Init_All) refers to lcd.o(i.LCD_Init) for LCD_Init
    main.o(i.Init_All) refers to key.o(i.Key_Init) for Key_Init
    main.o(i.Init_All) refers to usart.o(i.uart_init) for uart_init
    main.o(i.Init_All) refers to led.o(i.BEEP_Init) for BEEP_Init
    main.o(i.Init_All) refers to misc.o(i.NVIC_PriorityGroupConfig) for NVIC_PriorityGroupConfig
    main.o(i.Init_All) refers to fdc2214.o(i.Cap_Calculate) for Cap_Calculate
    main.o(i.Init_All) refers to fdc2214.o(i.FDC2214_Init) for FDC2214_Init
    main.o(i.Init_All) refers to main.o(.data) for temp0
    main.o(i.Low_pass_filter) refers to fdc2214.o(i.Cap_Calculate) for Cap_Calculate
    main.o(i.Low_pass_filter) refers to faddsub_clz.o(x$fpl$fsub) for __aeabi_fsub
    main.o(i.Low_pass_filter) refers to fmul.o(x$fpl$fmul) for __aeabi_fmul
    main.o(i.Low_pass_filter) refers to dmul.o(x$fpl$dmul) for __aeabi_dmul
    main.o(i.Low_pass_filter) refers to f2d.o(x$fpl$f2d) for __aeabi_f2d
    main.o(i.Low_pass_filter) refers to daddsub_clz.o(x$fpl$dsub) for __aeabi_dsub
    main.o(i.Low_pass_filter) refers to drleqf.o(x$fpl$drleqf) for __aeabi_cdrcmple
    main.o(i.Low_pass_filter) refers to dleqf.o(x$fpl$dleqf) for __aeabi_cdcmple
    main.o(i.Low_pass_filter) refers to main.o(.data) for temp0
    main.o(i.Low_pass_filter1) refers to fdc2214.o(i.Cap_Calculate) for Cap_Calculate
    main.o(i.Low_pass_filter1) refers to faddsub_clz.o(x$fpl$fsub) for __aeabi_fsub
    main.o(i.Low_pass_filter1) refers to fmul.o(x$fpl$fmul) for __aeabi_fmul
    main.o(i.Low_pass_filter1) refers to dmul.o(x$fpl$dmul) for __aeabi_dmul
    main.o(i.Low_pass_filter1) refers to f2d.o(x$fpl$f2d) for __aeabi_f2d
    main.o(i.Low_pass_filter1) refers to daddsub_clz.o(x$fpl$dsub) for __aeabi_dsub
    main.o(i.Low_pass_filter1) refers to drleqf.o(x$fpl$drleqf) for __aeabi_cdrcmple
    main.o(i.Low_pass_filter1) refers to dleqf.o(x$fpl$dleqf) for __aeabi_cdcmple
    main.o(i.Low_pass_filter1) refers to main.o(.data) for temp2
    main.o(i.Number_Calculation) refers to daddsub_clz.o(x$fpl$dadd) for __aeabi_dadd
    main.o(i.Number_Calculation) refers to daddsub_clz.o(x$fpl$dsub) for __aeabi_dsub
    main.o(i.Number_Calculation) refers to ddiv.o(x$fpl$ddiv) for __aeabi_ddiv
    main.o(i.Number_Calculation) refers to dmul.o(x$fpl$dmul) for __aeabi_dmul
    main.o(i.Number_Calculation) refers to dleqf.o(x$fpl$dleqf) for __aeabi_cdcmple
    main.o(i.Number_Calculation) refers to drleqf.o(x$fpl$drleqf) for __aeabi_cdrcmple
    main.o(i.Number_Calculation) refers to main.o(.bss) for Flag1
    main.o(i.Number_Calculation) refers to main.o(.data) for CH3
    main.o(i.Number_Display) refers to _printf_percent.o(.ARM.Collect$$_printf_percent$$00000000) for _printf_percent
    main.o(i.Number_Display) refers to _printf_d.o(.ARM.Collect$$_printf_percent$$00000009) for _printf_d
    main.o(i.Number_Display) refers to _printf_dec.o(.text) for _printf_int_dec
    main.o(i.Number_Display) refers to noretval__2sprintf.o(.text) for __2sprintf
    main.o(i.Number_Display) refers to lcd.o(i.LCD_ShowString) for LCD_ShowString
    main.o(i.Number_Display) refers to dleqf.o(x$fpl$dleqf) for __aeabi_cdcmple
    main.o(i.Number_Display) refers to drleqf.o(x$fpl$drleqf) for __aeabi_cdrcmple
    main.o(i.Number_Display) refers to main.o(.data) for mode
    main.o(i.Number_Display) refers to main.o(.bss) for str
    main.o(i.main) refers to _printf_percent.o(.ARM.Collect$$_printf_percent$$00000000) for _printf_percent
    main.o(i.main) refers to _printf_f.o(.ARM.Collect$$_printf_percent$$00000003) for _printf_f
    main.o(i.main) refers to printf1.o(x$fpl$printf1) for _printf_fp_dec
    main.o(i.main) refers to main.o(i.Init_All) for Init_All
    main.o(i.main) refers to main.o(i.Low_pass_filter) for Low_pass_filter
    main.o(i.main) refers to main.o(i.Low_pass_filter1) for Low_pass_filter1
    main.o(i.main) refers to noretval__2sprintf.o(.text) for __2sprintf
    main.o(i.main) refers to lcd.o(i.LCD_ShowString) for LCD_ShowString
    main.o(i.main) refers to main.o(i.Number_Calculation) for Number_Calculation
    main.o(i.main) refers to main.o(i.Number_Display) for Number_Display
    main.o(i.main) refers to delay.o(i.delay_ms) for delay_ms
    main.o(i.main) refers to main.o(.data) for CH3
    main.o(i.main) refers to main.o(.bss) for str
    system_stm32f10x.o(i.SetSysClock) refers to system_stm32f10x.o(i.SetSysClockTo72) for SetSysClockTo72
    system_stm32f10x.o(i.SystemCoreClockUpdate) refers to system_stm32f10x.o(.data) for SystemCoreClock
[...]
    i.LCD_BGR2RGB                            0x080021c4   Section        0  lcd.o(i.LCD_BGR2RGB)
    i.LCD_Clear                              0x080021e0   Section        0  lcd.o(i.LCD_Clear)
    i.LCD_Display_Dir                        0x0800224c   Section        0  lcd.o(i.LCD_Display_Dir)
    i.LCD_DrawLine                           0x0800240c   Section        0  lcd.o(i.LCD_DrawLine)
    i.LCD_DrawPoint                          0x080024bc   Section        0  lcd.o(i.LCD_DrawPoint)
    i.LCD_DrawRectangle                      0x080024e0   Section        0  lcd.o(i.LCD_DrawRectangle)
    i.LCD_Draw_Circle                        0x0800251c   Section        0  lcd.o(i.LCD_Draw_Circle)
    i.LCD_Fast_DrawPoint                     0x080025b4   Section        0  lcd.o(i.LCD_Fast_DrawPoint)
    i.LCD_Init                               0x08002730   Section        0  lcd.o(i.LCD_Init)
    i.LCD_Pow                                0x08005e8c   Section        0  lcd.o(i.LCD_Pow)
    i.LCD_RD_DATA                            0x08005ea4   Section        0  lcd.o(i.LCD_RD_DATA)
    i.LCD_ReadPoint                          0x08005eb8   Section        0  lcd.o(i.LCD_ReadPoint)
    i.LCD_ReadReg                            0x08006024   Section        0  lcd.o(i.LCD_ReadReg)
    i.LCD_SSD_BackLightSet                   0x0800603c   Section        0  lcd.o(i.LCD_SSD_BackLightSet)
    i.LCD_Scan_Dir                           0x08006090   Section        0  lcd.o(i.LCD_Scan_Dir)
    i.LCD_SetCursor                          0x0800637c   Section        0  lcd.o(i.LCD_SetCursor)
    i.LCD_ShowChar                           0x08006524   Section        0  lcd.o(i.LCD_ShowChar)
    i.LCD_ShowNum                            0x0800664c   Section        0  lcd.o(i.LCD_ShowNum)
    i.LCD_ShowString                         0x080066e0   Section        0  lcd.o(i.LCD_ShowString)
    i.LCD_WR_DATA                            0x08006748   Section        0  lcd.o(i.LCD_WR_DATA)
    i.LCD_WR_REG                             0x08006754   Section        0  lcd.o(i.LCD_WR_REG)
    i.LCD_WriteRAM_Prepare                   0x08006760   Section        0  lcd.o(i.LCD_WriteRAM_Prepare)
    i.LCD_WriteReg                           0x08006774   Section        0  lcd.o(i.LCD_WriteReg)
    i.LED_Init                               0x08006784   Section        0  led.o(i.LED_Init)
    i.Low_pass_filter                        0x080067bc   Section        0  main.o(i.Low_pass_filter)
    i.Low_pass_filter1                       0x0800686c   Section        0  main.o(i.Low_pass_filter1)
    i.MemManage_Handler                      0x0800691c   Section        0  stm32f10x_it.o(i.MemManage_Handler)
    i.NMI_Handler                            0x08006920   Section        0  stm32f10x_it.o(i.NMI_Handler)
    i.NVIC_Init                              0x08006924   Section        0  misc.o(i.NVIC_Init)
    i.NVIC_PriorityGroupConfig               0x08006994   Section        0  misc.o(i.NVIC_PriorityGroupConfig)
    i.Number_Calculation                     0x080069a8   Section        0  main.o(i.Number_Calculation)
    i.Number_Display                         0x08006b14   Section        0  main.o(i.Number_Display)
    i.PendSV_Handler                         0x08006ce4   Section        0  stm32f10x_it.o(i.PendSV_Handler)
    i.RCC_AHBPeriphClockCmd                  0x08006ce8   Section        0  stm32f10x_rcc.o(i.RCC_AHBPeriphClockCmd)
    i.RCC_APB1PeriphClockCmd                 0x08006d08   Section        0  stm32f10x_rcc.o(i.RCC_APB1PeriphClockCmd)
    i.RCC_APB2PeriphClockCmd                 0x08006d28   Section        0  stm32f10x_rcc.o(i.RCC_APB2PeriphClockCmd)
    i.RCC_GetClocksFreq                      0x08006d48   Section        0  stm32f10x_rcc.o(i.RCC_GetClocksFreq)
    i.Read_KeyValue                          0x08006e1c   Section        0  key.o(i.Read_KeyValue)
    i.SVC_Handler                            0x08006f54   Section        0  stm32f10x_it.o(i.SVC_Handler)
    i.SetSysClock                            0x08006f56   Section        0  system_stm32f10x.o(i.SetSysClock)
    SetSysClock                              0x08006f57   Thumb Code     8  system_stm32f10x.o(i.SetSysClock)
    i.SetSysClockTo72                        0x08006f60   Section        0  system_stm32f10x.o(i.SetSysClockTo72)
    SetSysClockTo72                          0x08006f61   Thumb Code   214  system_stm32f10x.o(i.SetSysClockTo72)
    i.Set_FDC2214                            0x08007040   Section        0  fdc2214.o(i.Set_FDC2214)
    i.SysTick_CLKSourceConfig                0x0800709a   Section        0  misc.o(i.SysTick_CLKSourceConfig)
    i.SysTick_Handler                        0x080070c2   Section        0  stm32f10x_it.o(i.SysTick_Handler)
    i.SystemInit                             0x080070c4   Section        0  system_stm32f10x.o(i.SystemInit)
    i.TIM4_IRQHandler                        0x08007124   Section        0  usmart.o(i.TIM4_IRQHandler)
    i.TIM_ClearFlag                          0x0800715c   Section        0  stm32f10x_tim.o(i.TIM_ClearFlag)
    i.TIM_ClearITPendingBit                  0x08007162   Section        0  stm32f10x_tim.o(i.TIM_ClearITPendingBit)
    i.TIM_Cmd                                0x08007168   Section        0  stm32f10x_tim.o(i.TIM_Cmd)
    i.TIM_GetCounter                         0x08007180   Section        0  stm32f10x_tim.o(i.TIM_GetCounter)
    i.TIM_GetFlagStatus                      0x08007186   Section        0  stm32f10x_tim.o(i.TIM_GetFlagStatus)
    i.TIM_GetITStatus                        0x08007198   Section        0  stm32f10x_tim.o(i.TIM_GetITStatus)
    i.TIM_ITConfig                           0x080071ba   Section        0  stm32f10x_tim.o(i.TIM_ITConfig)
    i.TIM_SetAutoreload                      0x080071cc   Section        0  stm32f10x_tim.o(i.TIM_SetAutoreload)
    i.TIM_SetCounter                         0x080071d0   Section        0  stm32f10x_tim.o(i.TIM_SetCounter)
    i.TIM_TimeBaseInit                       0x080071d4   Section        0  stm32f10x_tim.o(i.TIM_TimeBaseInit)
    i.Timer4_Init                            0x08007278   Section        0  usmart.o(i.Timer4_Init)
    i.USART1_IRQHandler                      0x080072d4   Section        0  usart.o(i.USART1_IRQHandler)
    i.USART_Cmd                              0x0800735c   Section        0  stm32f10x_usart.o(i.USART_Cmd)
    i.USART_GetITStatus                      0x08007374   Section        0  stm32f10x_usart.o(i.USART_GetITStatus)
    i.USART_ITConfig                         0x080073c8   Section        0  stm32f10x_usart.o(i.USART_ITConfig)
    i.USART_Init                             0x08007414   Section        0  stm32f10x_usart.o(i.USART_Init)
    i.USART_ReceiveData                      0x080074ec   Section        0  stm32f10x_usart.o(i.USART_ReceiveData)
    i.UsageFault_Handler                     0x080074f6   Section        0  stm32f10x_it.o(i.UsageFault_Handler)
    i.__ARM_fpclassify                       0x080074fa   Section        0  fpclassify.o(i.__ARM_fpclassify)
    i._is_digit                              0x08007522   Section        0  __printf_wp.o(i._is_digit)
    i._sys_exit                              0x08007530   Section        0  usart.o(i._sys_exit)
    i.delay_init                             0x08007538   Section        0  delay.o(i.delay_init)
    i.delay_ms                               0x0800757c   Section        0  delay.o(i.delay_ms)
    i.delay_us                               0x080075c8   Section        0  delay.o(i.delay_us)
    i.fputc                                  0x08007614   Section        0  usart.o(i.fputc)
    i.main                                   0x08007630   Section        0  main.o(i.main)
    i.opt_delay                              0x080076b4   Section        0  lcd.o(i.opt_delay)
    i.read_addr                              0x080076c2   Section        0  usmart.o(i.read_addr)
    i.uart_init                              0x080076c8   Section        0  usart.o(i.uart_init)
    i.usmart_cmd_rec                         0x08007768   Section        0  usmart.o(i.usmart_cmd_rec)
    i.usmart_exe                             0x08007818   Section        0  usmart.o(i.usmart_exe)
    i.usmart_get_aparm                       0x08007aec   Section        0  usmart_str.o(i.usmart_get_aparm)
    i.usmart_get_cmdname                     0x08007bb4   Section        0  usmart_str.o(i.usmart_get_cmdname)
    i.usmart_get_fname                       0x08007bec   Section        0  usmart_str.o(i.usmart_get_fname)
    i.usmart_get_fparam                      0x08007dac   Section        0  usmart_str.o(i.usmart_get_fparam)
    i.usmart_get_parmpos                     0x08007eb8   Section        0  usmart_str.o(i.usmart_get_parmpos)
    i.usmart_get_runtime                     0x08007ed8   Section        0  usmart.o(i.usmart_get_runtime)
    i.usmart_init                            0x08007f1c   Section        0  usmart.o(i.usmart_init)
    i.usmart_pow                             0x08007f44   Section        0  usmart_str.o(i.usmart_pow)
    i.usmart_reset_runtime                   0x08007f5c   Section        0  usmart.o(i.usmart_reset_runtime)
    i.usmart_scan                            0x08007f8c   Section        0  usmart.o(i.usmart_scan)
    i.usmart_search_nextc                    0x08008048   Section        0  usmart_str.o(i.usmart_search_nextc)
    i.usmart_str2num                         0x0800805e   Section        0  usmart_str.o(i.usmart_str2num)
    i.usmart_strcmp                          0x08008128   Section        0  usmart_str.o(i.usmart_strcmp)
    i.usmart_strcopy                         0x0800814a   Section        0  usmart_str.o(i.usmart_strcopy)
    i.usmart_strlen                          0x08008160   Section        0  usmart_str.o(i.usmart_strlen)
    i.usmart_sys_cmd_exe                     0x08008178   Section        0  usmart.o(i.usmart_sys_cmd_exe)
    i.write_addr                             0x0800885c   Section        0  usmart.o(i.write_addr)
    locale$$code                             0x08008860   Section       44  lc_numeric_c.o(locale$$code)
    x$fpl$d2f                                0x0800888c   Section       98  d2f.o(x$fpl$d2f)
    x$fpl$dadd                               0x080088f0   Section      336  daddsub_clz.o(x$fpl$dadd)
    _dadd1                                   0x08008901   Thumb Code     0  daddsub_clz.o(x$fpl$dadd)
    x$fpl$dcmpinf                            0x08008a40   Section       24  dcmpi.o(x$fpl$dcmpinf)
    x$fpl$ddiv                               0x08008a58   Section      688  ddiv.o(x$fpl$ddiv)
    ddiv_entry                               0x08008a5f   Thumb Code     0  ddiv.o(x$fpl$ddiv)
    x$fpl$dfixu                              0x08008d08   Section       90  dfixu.o(x$fpl$dfixu)
    x$fpl$dfltu                              0x08008d62   Section       38  dflt_clz.o(x$fpl$dfltu)
    x$fpl$dleqf                              0x08008d88   Section      120  dleqf.o(x$fpl$dleqf)
    x$fpl$dmul                               0x08008e00   Section      340  dmul.o(x$fpl$dmul)
    x$fpl$dnaninf                            0x08008f54   Section      156  dnaninf.o(x$fpl$dnaninf)
    x$fpl$dretinf                            0x08008ff0   Section       12  dretinf.o(x$fpl$dretinf)
    x$fpl$drleqf                             0x08008ffc   Section      108  drleqf.o(x$fpl$drleqf)
    x$fpl$dsub                               0x08009068   Section      468  daddsub_clz.o(x$fpl$dsub)
    _dsub1                                   0x08009079   Thumb Code     0  daddsub_clz.o(x$fpl$dsub)
    x$fpl$f2d                                0x0800923c   Section       86  f2d.o(x$fpl$f2d)
    x$fpl$fadd                               0x08009294   Section      196  faddsub_clz.o(x$fpl$fadd)
    _fadd1                                   0x080092a3   Thumb Code     0  faddsub_clz.o(x$fpl$fadd)
    x$fpl$fmul                               0x08009358   Section      258  fmul.o(x$fpl$fmul)
    x$fpl$fnaninf                            0x0800945a   Section      140  fnaninf.o(x$fpl$fnaninf)
    x$fpl$fretinf                            0x080094e6   Section       10  fretinf.o(x$fpl$fretinf)
    x$fpl$fsub                               0x080094f0   Section      234  faddsub_clz.o(x$fpl$fsub)
    _fsub1                                   0x080094ff   Thumb Code     0  faddsub_clz.o(x$fpl$fsub)
    x$fpl$printf1                            0x080095da   Section        4  printf1.o(x$fpl$printf1)
    .constdata                               0x080095de   Section     6080  lcd.o(.constdata)
    x$fpl$usenofp                            0x080095de   Section        0  usenofp.o(x$fpl$usenofp)
    .constdata                               0x0800ad9e   Section       40  _printf_hex_int.o(.constdata)
    uc_hextab                                0x0800ad9e   Data          20  _printf_hex_int.o(.constdata)
    lc_hextab                                0x0800adb2   Data          20  _printf_hex_int.o(.constdata)
    .constdata                               0x0800adc6   Section       17  __printf_flags_ss_wp.o(.constdata)
    maptable                                 0x0800adc6   Data          17  __printf_flags_ss_wp.o(.constdata)
    .constdata                               0x0800add8   Section      148  bigflt0.o(.constdata)
    tenpwrs_x                                0x0800add8   Data          60  bigflt0.o(.constdata)
    tenpwrs_i                                0x0800ae14   Data          64  bigflt0.o(.constdata)
    .conststring                             0x0800ae6c   Section       40  usmart.o(.conststring)
    .conststring                             0x0800ae94   Section      411  usmart_config.o(.conststring)
    locale$$data                             0x0800b050   Section       28  lc_numeric_c.o(locale$$data)
    __lcnum_c_name                           0x0800b054   Data           2  lc_numeric_c.o(locale$$data)
    __lcnum_c_start                          0x0800b05c   Data           0  lc_numeric_c.o(locale$$data)
    __lcnum_c_point                          0x0800b068   Data           0  lc_numeric_c.o(locale$$data)
    __lcnum_c_thousands                      0x0800b06a   Data           0  lc_numeric_c.o(locale$$data)
    __lcnum_c_grouping                       0x0800b06b   Data           0  lc_numeric_c.o(locale$$data)
    __lcnum_c_end                            0x0800b06c   Data           0  lc_numeric_c.o(locale$$data)
    .data                                    0x20000000   Section       71  main.o(.data)
    .data                                    0x20000048   Section       20  system_stm32f10x.o(.data)
    .data                                    0x2000005c   Section       20  stm32f10x_rcc.o(.data)
    APBAHBPrescTable                         0x2000005c   Data          16  stm32f10x_rcc.o(.data)
    ADCPrescTable                            0x2000006c   Data           4  stm32f10x_rcc.o(.data)
    .data                                    0x20000070   Section        4  delay.o(.data)
    fac_us                                   0x20000070   Data           1  delay.o(.data)
    fac_ms                                   0x20000072   Data           2  delay.o(.data)
    .data                                    0x20000074   Section        6  usart.o(.data)
    .data                                    0x2000007a   Section        4  lcd.o(.data)
    .data                                    0x2000007e   Section        2  key.o(.data)
    i                                        0x2000007f   Data           1  key.o(.data)
    .data                                    0x20000080   Section        4  fdc2214.o(.data)
    .data                                    0x20000084   Section       28  usmart.o(.data)
    .data                                    0x200000a0   Section      324  usmart_config.o(.data)
    .bss                                     0x200001e8   Section      184  main.o(.bss)
    .bss                                     0x200002a0   Section      200  usart.o(.bss)
    .bss                                     0x20000368   Section       14  lcd.o(.bss)
    .bss                                     0x20000376   Section       20  key.o(.bss)
    .bss                                     0x2000038c   Section       96  libspace.o(.bss)
    HEAP                                     0x200003f0   Section        0  startup_stm32f10x_hd.o(HEAP)
    STACK                                    0x200003f0   Section     2048  startup_stm32f10x_hd.o(STACK)
    Heap_Mem                                 0x200003f0   Data           0  startup_stm32f10x_hd.o(HEAP)
    Stack_Mem                                0x200003f0   Data        2048  startup_stm32f10x_hd.o(STACK)
    __initial_sp                             0x20000bf0   Data           0  startup_stm32f10x_hd.o(STACK)

    Global Symbols

    Symbol Name                              Value     Ov Type        Size  Object(Section)

    BuildAttributes$$THM_ISAv4$P$D$K$B$S$PE$A:L22UL41UL21$X:L11$S22US41US21$IEEE1$IW$USESV6$~STKCKD$USESV7$~SHL$OTIME$ROPI$IEEEJ$EBA8$UX$STANDARDLIB$REQ8$PRES8$EABIv2 0x00000000   Number         0  anon$$obj.o ABSOLUTE
    __ARM_use_no_argv                        0x00000000   Number         0  main.o ABSOLUTE
    _printf_flags                            0x00000000   Number         0  printf_stubs.o ABSOLUTE
    _printf_return_value                     0x00000000   Number         0  printf_stubs.o ABSOLUTE
    _printf_sizespec                         0x00000000   Number         0  printf_stubs.o ABSOLUTE
    _printf_widthprec                        0x00000000   Number         0  printf_stubs.o ABSOLUTE
    __ARM_exceptions_init                     - Undefined Weak Reference
    __alloca_initialize                       - Undefined Weak Reference
    __arm_preinit_                            - Undefined Weak Reference
    __cpp_initialize__aeabi_                  - Undefined Weak Reference
    __cxa_finalize                            - Undefined Weak Reference
    __sigvec_lookup                           - Undefined Weak Reference
    _atexit_init                              - Undefined Weak Reference
    _call_atexit_fns                          - Undefined Weak Reference
    _clock_init                               - Undefined Weak Reference
    _fp_trap_init                             - Undefined Weak Reference
    _fp_trap_shutdown                         - Undefined Weak Reference
    _get_lc_collate                           - Undefined Weak Reference
    _get_lc_ctype                             - Undefined Weak Reference
    _get_lc_monetary                          - Undefined Weak Reference
    _get_lc_time                              - Undefined Weak Reference
    _getenv_init                              - Undefined Weak Reference
    _handle_redirection                       - Undefined Weak Reference
    _init_alloc                               - Undefined Weak Reference
    _init_user_alloc                          - Undefined Weak Reference
    _initio                                   - Undefined Weak Reference
    _mutex_acquire                            - Undefined Weak Reference
    _mutex_release                            - Undefined Weak Reference
    _printf_mbtowc                            - Undefined Weak Reference
    _printf_truncate_signed                   - Undefined Weak Reference
    _printf_truncate_unsigned                 - Undefined Weak Reference
    _rand_init                                - Undefined Weak Reference
    _signal_finish                            - Undefined Weak Reference
    _signal_init                              - Undefined Weak Reference
    _terminate_alloc                          - Undefined Weak Reference
    _terminate_user_alloc                     - Undefined Weak Reference
    _terminateio                              - Undefined Weak Reference
    __Vectors_Size                           0x00000130   Number         0  startup_stm32f10x_hd.o ABSOLUTE
    __Vectors                                0x08000000   Data           4  startup_stm32f10x_hd.o(RESET)
    __Vectors_End                            0x08000130   Data           0  startup_stm32f10x_hd.o(RESET)
    __main                                   0x08000131   Thumb Code     8  __main.o(!!!main)
    __scatterload                            0x08000139   Thumb Code     0  __scatter.o(!!!scatter)
    __scatterload_rt2                        0x08000139   Thumb Code    44  __scatter.o(!!!scatter)
    __scatterload_rt2_thumb_only             0x08000139   Thumb Code     0  __scatter.o(!!!scatter)
    __scatterload_null                       0x08000147   Thumb Code     0  __scatter.o(!!!scatter)
    __decompress                             0x0800016d   Thumb Code    90  __dczerorl2.o(!!dczerorl2)
    __decompress1                            0x0800016d   Thumb Code     0  __dczerorl2.o(!!dczerorl2)
    __scatterload_zeroinit                   0x080001c9   Thumb Code    28  __scatter_zi.o(!!handler_zi)
    _printf_f                                0x080001e5   Thumb Code     0  _printf_f.o(.ARM.Collect$$_printf_percent$$00000003)
    _printf_percent                          0x080001e5   Thumb Code     0  _printf_percent.o(.ARM.Collect$$_printf_percent$$00000000)
    _printf_d                                0x080001eb   Thumb Code     0  _printf_d.o(.ARM.Collect$$_printf_percent$$00000009)
    _printf_u                                0x080001f1   Thumb Code     0  _printf_u.o(.ARM.Collect$$_printf_percent$$0000000A)
    _printf_x                                0x080001f7   Thumb Code     0  _printf_x.o(.ARM.Collect$$_printf_percent$$0000000C)
    _printf_c                                0x080001fd   Thumb Code     0  _printf_c.o(.ARM.Collect$$_printf_percent$$00000013)
    _printf_s                                0x08000203   Thumb Code     0  _printf_s.o(.ARM.Collect$$_printf_percent$$00000014)
    _printf_percent_end                      0x08000209   Thumb Code     0  _printf_percent_end.o(.ARM.Collect$$_printf_percent$$00000017)
    __rt_lib_init                            0x0800020d   Thumb Code     0  libinit.o(.ARM.Collect$$libinit$$00000000)
    __rt_lib_init_fp_1                       0x0800020f   Thumb Code     0  libinit2.o(.ARM.Collect$$libinit$$00000002)
    __rt_lib_init_heap_1                     0x0800020f   Thumb Code     0  libinit2.o(.ARM.Collect$$libinit$$0000000A)
    __rt_lib_init_lc_common                  0x0800020f   Thumb Code     0  libinit2.o(.ARM.Collect$$libinit$$0000000F)
    __rt_lib_init_preinit_1                  0x0800020f   Thumb Code     0  libinit2.o(.ARM.Collect$$libinit$$00000004)
    __rt_lib_init_rand_1                     0x0800020f   Thumb Code     0  libinit2.o(.ARM.Collect$$libinit$$0000000E)
    __rt_lib_init_user_alloc_1               0x0800020f   Thumb Code     0  libinit2.o(.ARM.Collect$$libinit$$0000000C)
    __rt_lib_init_lc_collate_1               0x08000215   Thumb Code     0  libinit2.o(.ARM.Collect$$libinit$$00000011)
    __rt_lib_init_lc_ctype_1                 0x08000215   Thumb Code     0  libinit2.o(.ARM.Collect$$libinit$$00000013)
    __rt_lib_init_lc_monetary_1              0x08000215   Thumb Code     0  libinit2.o(.ARM.Collect$$libinit$$00000015)
    __rt_lib_init_lc_numeric_2               0x08000215   Thumb Code     0  libinit2.o(.ARM.Collect$$libinit$$00000016)
    __rt_lib_init_alloca_1                   0x0800021f   Thumb Code     0  libinit2.o(.ARM.Collect$$libinit$$0000002E)
    __rt_lib_init_argv_1                     0x0800021f   Thumb Code     0  libinit2.o(.ARM.Collect$$libinit$$0000002C)
    __rt_lib_init_atexit_1                   0x0800021f   Thumb Code     0  libinit2.o(.ARM.Collect$$libinit$$0000001B)
    __rt_lib_init_clock_1                    0x0800021f   Thumb Code     0  libinit2.o(.ARM.Collect$$libinit$$00000021)
    __rt_lib_init_cpp_1                      0x0800021f   Thumb Code     0  libinit2.o(.ARM.Collect$$libinit$$00000032)
    __rt_lib_init_exceptions_1               0x0800021f   Thumb Code     0  libinit2.o(.ARM.Collect$$libinit$$00000030)
    __rt_lib_init_fp_trap_1                  0x0800021f   Thumb Code     0  libinit2.o(.ARM.Collect$$libinit$$0000001F)
    __rt_lib_init_getenv_1                   0x0800021f   Thumb Code     0  libinit2.o(.ARM.Collect$$libinit$$00000023)
    __rt_lib_init_lc_numeric_1               0x0800021f   Thumb Code     0  libinit2.o(.ARM.Collect$$libinit$$00000017)
    __rt_lib_init_lc_time_1                  0x0800021f   Thumb Code     0  libinit2.o(.ARM.Collect$$libinit$$00000019)
    __rt_lib_init_return                     0x0800021f   Thumb Code     0  libinit2.o(.ARM.Collect$$libinit$$00000033)
    __rt_lib_init_signal_1                   0x0800021f   Thumb Code     0  libinit2.o(.ARM.Collect$$libinit$$0000001D)
    __rt_lib_init_stdio_1                    0x0800021f   Thumb Code     0  libinit2.o(.ARM.Collect$$libinit$$00000025)
    __rt_lib_shutdown                        0x08000221   Thumb Code     0  libshutdown.o(.ARM.Collect$$libshutdown$$00000000)
    __rt_lib_shutdown_fp_trap_1              0x08000223   Thumb Code     0  libshutdown2.o(.ARM.Collect$$libshutdown$$00000006)
    __rt_lib_shutdown_heap_1                 0x08000223   Thumb Code     0  libshutdown2.o(.ARM.Collect$$libshutdown$$0000000E)
    __rt_lib_shutdown_return                 0x08000223   Thumb Code     0  libshutdown2.o(.ARM.Collect$$libshutdown$$0000000F)
    __rt_lib_shutdown_signal_1               0x08000223   Thumb Code     0  libshutdown2.o(.ARM.Collect$$libshutdown$$00000009)
    __rt_lib_shutdown_stdio_1                0x08000223   Thumb Code     0  libshutdown2.o(.ARM.Collect$$libshutdown$$00000003)
    __rt_lib_shutdown_user_alloc_1           0x08000223   Thumb Code     0  libshutdown2.o(.ARM.Collect$$libshutdown$$0000000B)
    __rt_entry                               0x08000225   Thumb Code     0  __rtentry.o(.ARM.Collect$$rtentry$$00000000)
    __rt_entry_presh_1                       0x08000225   Thumb Code     0  __rtentry2.o(.ARM.Collect$$rtentry$$00000002)
    __rt_entry_sh                            0x08000225   Thumb Code     0  __rtentry4.o(.ARM.Collect$$rtentry$$00000004)
    __rt_entry_li                            0x0800022b   Thumb Code     0  __rtentry2.o(.ARM.Collect$$rtentry$$0000000A)
    __rt_entry_postsh_1                      0x0800022b   Thumb Code     0  __rtentry2.o(.ARM.Collect$$rtentry$$00000009)
    __rt_entry_main                          0x0800022f   Thumb Code     0  __rtentry2.o(.ARM.Collect$$rtentry$$0000000D)
    __rt_entry_postli_1                      0x0800022f   Thumb Code     0  __rtentry2.o(.ARM.Collect$$rtentry$$0000000C)
    __rt_exit                                0x08000237   Thumb Code     0  rtexit.o(.ARM.Collect$$rtexit$$00000000)
    __rt_exit_ls                             0x08000239   Thumb Code     0  rtexit2.o(.ARM.Collect$$rtexit$$00000003)
    __rt_exit_prels_1                        0x08000239   Thumb Code     0  rtexit2.o(.ARM.Collect$$rtexit$$00000002)
    __rt_exit_exit                           0x0800023d   Thumb Code     0  rtexit2.o(.ARM.Collect$$rtexit$$00000004)
    SystemInit_ExtMemCtl                     0x08000245   Thumb Code     2  startup_stm32f10x_hd.o(.text)
    Reset_Handler                            0x08000247   Thumb Code    14  startup_stm32f10x_hd.o(.text)
    ADC1_2_IRQHandler                        0x08000267   Thumb Code     0  startup_stm32f10x_hd.o(.text)
    ADC3_IRQHandler                          0x08000267   Thumb Code     0  startup_stm32f10x_hd.o(.text)
    CAN1_RX1_IRQHandler                      0x08000267   Thumb Code     0  startup_stm32f10x_hd.o(.text)
    CAN1_SCE_IRQHandler                      0x08000267   Thumb Code     0  startup_stm32f10x_hd.o(.text)
    DMA1_Channel1_IRQHandler                 0x08000267   Thumb Code     0  startup_stm32f10x_hd.o(.text)
    DMA1_Channel2_IRQHandler                 0x08000267   Thumb Code     0  startup_stm32f10x_hd.o(.text)
    DMA1_Channel3_IRQHandler                 0x08000267   Thumb Code     0  startup_stm32f10x_hd.o(.text)
    DMA1_Channel4_IRQHandler                 0x08000267   Thumb Code     0  startup_stm32f10x_hd.o(.text)
    DMA1_Channel5_IRQHandler                 0x08000267   Thumb Code     0  startup_stm32f10x_hd.o(.text)
    DMA1_Channel6_IRQHandler                 0x08000267   Thumb Code     0  startup_stm32f10x_hd.o(.text)
    DMA1_Channel7_IRQHandler                 0x08000267   Thumb Code     0  startup_stm32f10x_hd.o(.text)
    DMA2_Channel1_IRQHandler                 0x08000267   Thumb Code     0  startup_stm32f10x_hd.o(.text)
    DMA2_Channel2_IRQHandler                 0x08000267   Thumb Code     0  startup_stm32f10x_hd.o(.text)
    DMA2_Channel3_IRQHandler                 0x08000267   Thumb Code     0  startup_stm32f10x_hd.o(.text)
    DMA2_Channel4_5_IRQHandler               0x08000267   Thumb Code     0  startup_stm32f10x_hd.o(.text)
    EXTI0_IRQHandler                         0x08000267   Thumb Code     0  startup_stm32f10x_hd.o(.text)
    EXTI15_10_IRQHandler                     0x08000267   Thumb Code     0  startup_stm32f10x_hd.o(.text)
    EXTI1_IRQHandler                         0x08000267   Thumb Code     0  startup_stm32f10x_hd.o(.text)
    EXTI2_IRQHandler                         0x08000267   Thumb Code     0  startup_stm32f10x_hd.o(.text)
    EXTI3_IRQHandler                         0x08000267   Thumb Code     0  startup_stm32f10x_hd.o(.text)
    FLASH_IRQHandler                         0x08000267   Thumb Code     0  startup_stm32f10x_hd.o(.text)
    FSMC_IRQHandler                          0x08000267   Thumb Code     0  startup_stm32f10x_hd.o(.text)
    I2C1_ER_IRQHandler                       0x08000267   Thumb Code     0  startup_stm32f10x_hd.o(.text)
    I2C1_EV_IRQHandler                       0x08000267   Thumb Code     0  startup_stm32f10x_hd.o(.text)
    I2C2_ER_IRQHandler                       0x08000267   Thumb Code     0  startup_stm32f10x_hd.o(.text)
    I2C2_EV_IRQHandler                       0x08000267   Thumb Code     0  startup_stm32f10x_hd.o(.text)
    PVD_IRQHandler                           0x08000267   Thumb Code     0  startup_stm32f10x_hd.o(.text)
    RCC_IRQHandler                           0x08000267   Thumb Code     0  startup_stm32f10x_hd.o(.text)
    RTCAlarm_IRQHandler                      0x08000267   Thumb Code     0  startup_stm32f10x_hd.o(.text)
    RTC_IRQHandler                           0x08000267   Thumb Code     0  startup_stm32f10x_hd.o(.text)
    SDIO_IRQHandler                          0x08000267   Thumb Code     0  startup_stm32f10x_hd.o(.text)
    SPI1_IRQHandler                          0x08000267   Thumb Code     0  startup_stm32f10x_hd.o(.text)
    SPI2_IRQHandler                          0x08000267   Thumb Code     0  startup_stm32f10x_hd.o(.text)
    SPI3_IRQHandler                          0x08000267   Thumb Code     0  startup_stm32f10x_hd.o(.text)
    TAMPER_IRQHandler                        0x08000267   Thumb Code     0  startup_stm32f10x_hd.o(.text)
    TIM1_BRK_IRQHandler                      0x08000267   Thumb Code     0  startup_stm32f10x_hd.o(.text)
    TIM1_CC_IRQHandler                       0x08000267   Thumb Code     0  startup_stm32f10x_hd.o(.text)
    TIM1_TRG_COM_IRQHandler                  0x08000267   Thumb Code     0  startup_stm32f10x_hd.o(.text)
    TIM1_UP_IRQHandler                       0x08000267   Thumb Code     0  startup_stm32f10x_hd.o(.text)
    TIM2_IRQHandler                          0x08000267   Thumb Code     0  startup_stm32f10x_hd.o(.text)
    TIM3_IRQHandler                          0x08000267   Thumb Code     0  startup_stm32f10x_hd.o(.text)
    TIM5_IRQHandler                          0x08000267   Thumb Code     0  startup_stm32f10x_hd.o(.text)
    TIM6_IRQHandler                          0x08000267   Thumb Code     0  startup_stm32f10x_hd.o(.text)
    TIM7_IRQHandler                          0x08000267   Thumb Code     0  startup_stm32f10x_hd.o(.text)
    TIM8_BRK_IRQHandler                      0x08000267   Thumb Code     0  startup_stm32f10x_hd.o(.text)
    TIM8_CC_IRQHandler                       0x08000267   Thumb Code     0  startup_stm32f10x_hd.o(.text)
    TIM8_TRG_COM_IRQHandler                  0x08000267   Thumb Code     0  startup_stm32f10x_hd.o(.text)
    TIM8_UP_IRQHandler                       0x08000267   Thumb Code     0  startup_stm32f10x_hd.o(.text)
    UART4_IRQHandler                         0x08000267   Thumb Code     0  startup_stm32f10x_hd.o(.text)
    UART5_IRQHandler                         0x08000267   Thumb Code     0  startup_stm32f10x_hd.o(.text)
    USART2_IRQHandler                        0x08000267   Thumb Code     0  startup_stm32f10x_hd.o(.text)
    USART3_IRQHandler                        0x08000267   Thumb Code     0  startup_stm32f10x_hd.o(.text)
    USBWakeUp_IRQHandler                     0x08000267   Thumb Code     0  startup_stm32f10x_hd.o(.text)
    USB_HP_CAN1_TX_IRQHandler                0x08000267   Thumb Code     0  startup_stm32f10x_hd.o(.text)
    USB_LP_CAN1_RX0_IRQHandler               0x08000267   Thumb Code     0  startup_stm32f10x_hd.o(.text)
    WWDG_IRQHandler                          0x08000267   Thumb Code     0  startup_stm32f10x_hd.o(.text)
    __user_initial_stackheap                 0x08000269   Thumb Code     0  startup_stm32f10x_hd.o(.text)
    __use_no_semihosting                     0x0800028d   Thumb Code     2  use_no_semi_2.o(.text)
    __2printf                                0x08000291   Thumb Code    20  noretval__2printf.o(.text)
    __2sprintf                               0x080002a9   Thumb Code    34  noretval__2sprintf.o(.text)
    _printf_pre_padding                      0x080002d1   Thumb Code    44  _printf_pad.o(.text)
    _printf_post_padding                     0x080002fd   Thumb Code    34  _printf_pad.o(.text)
    _printf_str                              0x0800031f   Thumb Code    82  _printf_str.o(.text)
    _printf_int_dec                          0x08000371   Thumb Code   104  _printf_dec.o(.text)
    _printf_int_hex                          0x080003e9   Thumb Code    84  _printf_hex_int.o(.text)
    _printf_longlong_hex                     0x080003e9   Thumb Code     0  _printf_hex_int.o(.text)
    __printf                                 0x08000441   Thumb Code   388  __printf_flags_ss_wp.o(.text)
    __use_two_region_memory                  0x080005c9   Thumb Code     2  heapauxi.o(.text)
    __rt_heap_escrow$2region                 0x080005cb   Thumb Code     2  heapauxi.o(.text)
    __rt_heap_expand$2region                 0x080005cd   Thumb Code     2  heapauxi.o(.text)
    __I$use$semihosting                      0x080005cf   Thumb Code     0  use_no_semi.o(.text)
    __use_no_semihosting_swi                 0x080005cf   Thumb Code     2  use_no_semi.o(.text)
    _printf_int_common                       0x080005d1   Thumb Code   178  _printf_intcommon.o(.text)
    __lib_sel_fp_printf                      0x08000683   Thumb Code     2  _printf_fp_dec.o(.text)
    _printf_fp_dec_real                      0x08000831   Thumb Code   620  _printf_fp_dec.o(.text)
    _printf_char_common                      0x08000aa7   Thumb Code    32  _printf_char_common.o(.text)
    _sputc                                   0x08000acd   Thumb Code    10  _sputc.o(.text)
    _printf_cs_common                        0x08000ad7   Thumb Code    20  _printf_char.o(.text)
    _printf_char                             0x08000aeb   Thumb Code    16  _printf_char.o(.text)
    _printf_string                           0x08000afb   Thumb Code     8  _printf_char.o(.text)
    _printf_char_file                        0x08000b05   Thumb Code    32  _printf_char_file.o(.text)
    __rt_locale                              0x08000b29   Thumb Code     8  rt_locale_intlibspace.o(.text)
    _ll_udiv10                               0x08000b31   Thumb Code   138  lludiv10.o(.text)
    _printf_fp_infnan                        0x08000bbd   Thumb Code   112  _printf_fp_infnan.o(.text)
    _btod_etento                             0x08000c3d   Thumb Code   216  bigflt0.o(.text)
    ferror                                   0x08000d19   Thumb Code     8  ferror.o(.text)
    __user_libspace                          0x08000d21   Thumb Code     8  libspace.o(.text)
    __user_perproc_libspace                  0x08000d21   Thumb Code     0  libspace.o(.text)
    __user_perthread_libspace                0x08000d21   Thumb Code     0  libspace.o(.text)
    __user_setup_stackheap                   0x08000d29   Thumb Code    74  sys_stackheap_outer.o(.text)
    exit                                     0x08000d73   Thumb Code    12  exit.o(.text)
    strcmp                                   0x08000d81   Thumb Code   128  strcmpv7m.o(.text)
    _btod_d2e                                0x08000e01   Thumb Code    62  btod.o(CL$$btod_d2e)
    _d2e_denorm_low                          0x08000e3f   Thumb Code    70  btod.o(CL$$btod_d2e_denorm_low)
    _d2e_norm_op1                            0x08000e85   Thumb Code    96  btod.o(CL$$btod_d2e_norm_op1)
    __btod_div_common                        0x08000ee5   Thumb Code   696  btod.o(CL$$btod_div_common)
    _e2e                                     0x0800121d   Thumb Code   198  btod.o(CL$$btod_e2e)
    _btod_ediv                               0x080012e3   Thumb Code    40  btod.o(CL$$btod_ediv)
    _btod_emul                               0x0800130b   Thumb Code    40  btod.o(CL$$btod_emul)
    __btod_mult_common                       0x08001333   Thumb Code   580  btod.o(CL$$btod_mult_common)
    BEEP_Init                                0x08001579   Thumb Code    38  led.o(i.BEEP_Init)
    BusFault_Handler                         0x080015a5   Thumb Code     4  stm32f10x_it.o(i.BusFault_Handler)
    Cap_Calculate                            0x080015a9   Thumb Code    58  fdc2214.o(i.Cap_Calculate)
    DebugMon_Handler                         0x080015f1   Thumb Code     2  stm32f10x_it.o(i.DebugMon_Handler)
    EXTI4_IRQHandler                         0x080015f5   Thumb Code    32  key.o(i.EXTI4_IRQHandler)
    EXTI9_5_IRQHandler                       0x08001619   Thumb Code    32  key.o(i.EXTI9_5_IRQHandler)
    EXTI_ClearFlag                           0x0800163d   Thumb Code     6  stm32f10x_exti.o(i.EXTI_ClearFlag)
    EXTI_ClearITPendingBit                   0x08001649   Thumb Code     6  stm32f10x_exti.o(i.EXTI_ClearITPendingBit)
    EXTI_Init                                0x08001655   Thumb Code   142  stm32f10x_exti.o(i.EXTI_Init)
    FCD2214_ReadCH                           0x080016e9   Thumb Code   120  fdc2214.o(i.FCD2214_ReadCH)
    FDC2214_Init                             0x08001761   Thumb Code   226  fdc2214.o(i.FDC2214_Init)
    FDC_GPIO_Init                            0x08001843   Thumb Code     2  fdc2214.o(i.FDC_GPIO_Init)
    FDC_IIC_Ack                              0x08001845   Thumb Code    62  fdc2214.o(i.FDC_IIC_Ack)
    FDC_IIC_Delay                            0x08001891   Thumb Code    10  fdc2214.o(i.FDC_IIC_Delay)
    FDC_IIC_Init                             0x0800189d   Thumb Code    46  fdc2214.o(i.FDC_IIC_Init)
    FDC_IIC_NAck                             0x080018d1   Thumb Code    62  fdc2214.o(i.FDC_IIC_NAck)
    FDC_IIC_Read_Byte                        0x0800191d   Thumb Code    94  fdc2214.o(i.FDC_IIC_Read_Byte)
    FDC_IIC_Send_Byte                        0x08001989   Thumb Code    80  fdc2214.o(i.FDC_IIC_Send_Byte)
    FDC_IIC_Start                            0x080019e5   Thumb Code    60  fdc2214.o(i.FDC_IIC_Start)
    FDC_IIC_Stop                             0x08001a2d   Thumb Code    58  fdc2214.o(i.FDC_IIC_Stop)
    FDC_IIC_Wait_Ack                         0x08001a75   Thumb Code    86  fdc2214.o(i.FDC_IIC_Wait_Ack)
    FDC_Read                                 0x08001ad9   Thumb Code    66  fdc2214.o(i.FDC_Read)
    FSMC_NORSRAMCmd                          0x08001b1d   Thumb Code    46  stm32f10x_fsmc.o(i.FSMC_NORSRAMCmd)
    FSMC_NORSRAMInit                         0x08001b51   Thumb Code   230  stm32f10x_fsmc.o(i.FSMC_NORSRAMInit)
    GPIO_EXTILineConfig                      0x08001c39   Thumb Code    60  stm32f10x_gpio.o(i.GPIO_EXTILineConfig)
    GPIO_Init                                0x08001c79   Thumb Code   278  stm32f10x_gpio.o(i.GPIO_Init)
    GPIO_ReadInputData                       0x08001d8f   Thumb Code     8  stm32f10x_gpio.o(i.GPIO_ReadInputData)
    GPIO_ReadInputDataBit                    0x08001d97   Thumb Code    18  stm32f10x_gpio.o(i.GPIO_ReadInputDataBit)
    GPIO_ResetBits                           0x08001da9   Thumb Code     4  stm32f10x_gpio.o(i.GPIO_ResetBits)
    GPIO_SetBits                             0x08001dad   Thumb Code     4  stm32f10x_gpio.o(i.GPIO_SetBits)
    HardFault_Handler                        0x08001db1   Thumb Code     4  stm32f10x_it.o(i.HardFault_Handler)
    Init_All                                 0x08001db5   Thumb Code   100  main.o(i.Init_All)
    Key_Deal                                 0x08001e2d   Thumb Code   528  key.o(i.Key_Deal)
    Key_Init                                 0x080020d5   Thumb Code   234  key.o(i.Key_Init)
    LCD_BGR2RGB                              0x080021c5   Thumb Code    26  lcd.o(i.LCD_BGR2RGB)
    LCD_Clear                                0x080021e1   Thumb Code   100  lcd.o(i.LCD_Clear)
    LCD_Display_Dir                          0x0800224d   Thumb Code   444  lcd.o(i.LCD_Display_Dir)
    LCD_DrawLine                             0x0800240d   Thumb Code   176  lcd.o(i.LCD_DrawLine)
    LCD_DrawPoint                            0x080024bd   Thumb Code    28  lcd.o(i.LCD_DrawPoint)
    LCD_DrawRectangle                        0x080024e1   Thumb Code    60  lcd.o(i.LCD_DrawRectangle)
    LCD_Draw_Circle                          0x0800251d   Thumb Code   152  lcd.o(i.LCD_Draw_Circle)
    LCD_Fast_DrawPoint                       0x080025b5   Thumb Code   370  lcd.o(i.LCD_Fast_DrawPoint)
    LCD_Init                                 0x08002731   Thumb Code 14162  lcd.o(i.LCD_Init)
    LCD_Pow                                  0x08005e8d   Thumb Code    22  lcd.o(i.LCD_Pow)
    LCD_RD_DATA                              0x08005ea5   Thumb Code    14  lcd.o(i.LCD_RD_DATA)
    LCD_ReadPoint                            0x08005eb9   Thumb Code   360  lcd.o(i.LCD_ReadPoint)
    LCD_ReadReg                              0x08006025   Thumb Code    22  lcd.o(i.LCD_ReadReg)
    LCD_SSD_BackLightSet                     0x0800603d   Thumb Code    80  lcd.o(i.LCD_SSD_BackLightSet)
    LCD_Scan_Dir                             0x08006091   Thumb Code   744  lcd.o(i.LCD_Scan_Dir)
    LCD_SetCursor                            0x0800637d   Thumb Code   418  lcd.o(i.LCD_SetCursor)
    LCD_ShowChar                             0x08006525   Thumb Code   272  lcd.o(i.LCD_ShowChar)
    LCD_ShowNum                              0x0800664d   Thumb Code   148  lcd.o(i.LCD_ShowNum)
    LCD_ShowString                           0x080066e1   Thumb Code   102  lcd.o(i.LCD_ShowString)
    LCD_WR_DATA                              0x08006749   Thumb Code     6  lcd.o(i.LCD_WR_DATA)
    LCD_WR_REG                               0x08006755   Thumb Code     6  lcd.o(i.LCD_WR_REG)
    LCD_WriteRAM_Prepare                     0x08006761   Thumb Code    10  lcd.o(i.LCD_WriteRAM_Prepare)
    LCD_WriteReg                             0x08006775   Thumb Code    10  lcd.o(i.LCD_WriteReg)
    LED_Init                                 0x08006785   Thumb Code    46  led.o(i.LED_Init)
    Low_pass_filter                          0x080067bd   Thumb Code   156  main.o(i.Low_pass_filter)
    Low_pass_filter1                         0x0800686d   Thumb Code   156  main.o(i.Low_pass_filter1)
    MemManage_Handler                        0x0800691d   Thumb Code     4  stm32f10x_it.o(i.MemManage_Handler)
    NMI_Handler                              0x08006921   Thumb Code     2  stm32f10x_it.o(i.NMI_Handler)
    NVIC_Init                                0x08006925   Thumb Code   100  misc.o(i.NVIC_Init)
    NVIC_PriorityGroupConfig                 0x08006995   Thumb Code    10  misc.o(i.NVIC_PriorityGroupConfig)
    Number_Calculation                       0x080069a9   Thumb Code   346  main.o(i.Number_Calculation)
    Number_Display                           0x08006b15   Thumb Code   272  main.o(i.Number_Display)
    PendSV_Handler                           0x08006ce5   Thumb Code     2  stm32f10x_it.o(i.PendSV_Handler)
    RCC_AHBPeriphClockCmd                    0x08006ce9   Thumb Code    26  stm32f10x_rcc.o(i.RCC_AHBPeriphClockCmd)
    RCC_APB1PeriphClockCmd                   0x08006d09   Thumb Code    26  stm32f10x_rcc.o(i.RCC_APB1PeriphClockCmd)
    RCC_APB2PeriphClockCmd                   0x08006d29   Thumb Code    26  stm32f10x_rcc.o(i.RCC_APB2PeriphClockCmd)
    RCC_GetClocksFreq                        0x08006d49   Thumb Code   192  stm32f10x_rcc.o(i.RCC_GetClocksFreq)
    Read_KeyValue                            0x08006e1d   Thumb Code   308  key.o(i.Read_KeyValue)
    SVC_Handler                              0x08006f55   Thumb Code     2  stm32f10x_it.o(i.SVC_Handler)
    Set_FDC2214                              0x08007041   Thumb Code    90  fdc2214.o(i.Set_FDC2214)
    SysTick_CLKSourceConfig                  0x0800709b   Thumb Code    40  misc.o(i.SysTick_CLKSourceConfig)
    SysTick_Handler                          0x080070c3   Thumb Code     2  stm32f10x_it.o(i.SysTick_Handler)
    SystemInit                               0x080070c5   Thumb Code    78  system_stm32f10x.o(i.SystemInit)
    TIM4_IRQHandler                          0x08007125   Thumb Code    46  usmart.o(i.TIM4_IRQHandler)
    TIM_ClearFlag                            0x0800715d   Thumb Code     6  stm32f10x_tim.o(i.TIM_ClearFlag)
    TIM_ClearITPendingBit                    0x08007163   Thumb Code     6  stm32f10x_tim.o(i.TIM_ClearITPendingBit)
    TIM_Cmd                                  0x08007169   Thumb Code    24  stm32f10x_tim.o(i.TIM_Cmd)
    TIM_GetCounter                           0x08007181   Thumb Code     6  stm32f10x_tim.o(i.TIM_GetCounter)
    TIM_GetFlagStatus                        0x08007187   Thumb Code    18  stm32f10x_tim.o(i.TIM_GetFlagStatus)
    TIM_GetITStatus                          0x08007199   Thumb Code    34  stm32f10x_tim.o(i.TIM_GetITStatus)
    TIM_ITConfig                             0x080071bb   Thumb Code    18  stm32f10x_tim.o(i.TIM_ITConfig)
    TIM_SetAutoreload                        0x080071cd   Thumb Code     4  stm32f10x_tim.o(i.TIM_SetAutoreload)
    TIM_SetCounter                           0x080071d1   Thumb Code     4  stm32f10x_tim.o(i.TIM_SetCounter)
    TIM_TimeBaseInit                         0x080071d5   Thumb Code   122  stm32f10x_tim.o(i.TIM_TimeBaseInit)
    Timer4_Init                              0x08007279   Thumb Code    88  usmart.o(i.Timer4_Init)
    USART1_IRQHandler                        0x080072d5   Thumb Code   122  usart.o(i.USART1_IRQHandler)
    USART_Cmd                                0x0800735d   Thumb Code    24  stm32f10x_usart.o(i.USART_Cmd)
    USART_GetITStatus                        0x08007375   Thumb Code    84  stm32f10x_usart.o(i.USART_GetITStatus)
    USART_ITConfig                           0x080073c9   Thumb Code    74  stm32f10x_usart.o(i.USART_ITConfig)
    USART_Init                               0x08007415   Thumb Code   210  stm32f10x_usart.o(i.USART_Init)
    USART_ReceiveData                        0x080074ed   Thumb Code    10  stm32f10x_usart.o(i.USART_ReceiveData)
    UsageFault_Handler                       0x080074f7   Thumb Code     4  stm32f10x_it.o(i.UsageFault_Handler)
    __ARM_fpclassify                         0x080074fb   Thumb Code    40  fpclassify.o(i.__ARM_fpclassify)
    _is_digit                                0x08007523   Thumb Code    14  __printf_wp.o(i._is_digit)
    _sys_exit                                0x08007531   Thumb Code     6  usart.o(i._sys_exit)
    delay_init                               0x08007539   Thumb Code    50  delay.o(i.delay_init)
    delay_ms                                 0x0800757d   Thumb Code    72  delay.o(i.delay_ms)
    delay_us                                 0x080075c9   Thumb Code    72  delay.o(i.delay_us)
    fputc                                    0x08007615   Thumb Code    24  usart.o(i.fputc)
    main                                     0x08007631   Thumb Code    84  main.o(i.main)
    opt_delay                                0x080076b5   Thumb Code    14  lcd.o(i.opt_delay)
    read_addr                                0x080076c3   Thumb Code     6  usmart.o(i.read_addr)
    uart_init                                0x080076c9   Thumb Code   152  usart.o(i.uart_init)
    usmart_cmd_rec                           0x08007769   Thumb Code   170  usmart.o(i.usmart_cmd_rec)
    usmart_exe                               0x08007819   Thumb Code   632  usmart.o(i.usmart_exe)
    usmart_get_aparm                         0x08007aed   Thumb Code   200  usmart_str.o(i.usmart_get_aparm)
    usmart_get_cmdname                       0x08007bb5   Thumb Code    54  usmart_str.o(i.usmart_get_cmdname)
    usmart_get_fname                         0x08007bed   Thumb Code   440  usmart_str.o(i.usmart_get_fname)
    usmart_get_fparam                        0x08007dad   Thumb Code   262  usmart_str.o(i.usmart_get_fparam)
    usmart_get_parmpos                       0x08007eb9   Thumb Code    26  usmart_str.o(i.usmart_get_parmpos)
    usmart_get_runtime                       0x08007ed9   Thumb Code    60  usmart.o(i.usmart_get_runtime)
    usmart_init                              0x08007f1d   Thumb Code    36  usmart.o(i.usmart_init)
    usmart_pow                               0x08007f45   Thumb Code    22  usmart_str.o(i.usmart_pow)
    usmart_reset_runtime                     0x08007f5d   Thumb Code    38  usmart.o(i.usmart_reset_runtime)
    usmart_scan                              0x08007f8d   Thumb Code   120  usmart.o(i.usmart_scan)
    usmart_search_nextc                      0x08008049   Thumb Code    22  usmart_str.o(i.usmart_search_nextc)
    usmart_str2num                           0x0800805f   Thumb Code   202  usmart_str.o(i.usmart_str2num)
    usmart_strcmp                            0x08008129   Thumb Code    34  usmart_str.o(i.usmart_strcmp)
    usmart_strcopy                           0x0800814b   Thumb Code    22  usmart_str.o(i.usmart_strcopy)
    usmart_strlen                            0x08008161   Thumb Code    24  usmart_str.o(i.usmart_strlen)
    usmart_sys_cmd_exe                       0x08008179   Thumb Code  1554  usmart.o(i.usmart_sys_cmd_exe)
    write_addr                               0x0800885d   Thumb Code     4  usmart.o(i.write_addr)
    _get_lc_numeric                          0x08008861   Thumb Code    44  lc_numeric_c.o(locale$$code)
    __aeabi_d2f                              0x0800888d   Thumb Code     0  d2f.o(x$fpl$d2f)
    _d2f                                     0x0800888d   Thumb Code    98  d2f.o(x$fpl$d2f)
    __aeabi_dadd                             0x080088f1   Thumb Code     0  daddsub_clz.o(x$fpl$dadd)
    _dadd                                    0x080088f1   Thumb Code   332  daddsub_clz.o(x$fpl$dadd)
    __fpl_dcmp_Inf                           0x08008a41   Thumb Code    24  dcmpi.o(x$fpl$dcmpinf)
    __aeabi_ddiv                             0x08008a59   Thumb Code     0  ddiv.o(x$fpl$ddiv)
    _ddiv                                    0x08008a59   Thumb Code   552  ddiv.o(x$fpl$ddiv)
    __aeabi_d2uiz                            0x08008d09   Thumb Code     0  dfixu.o(x$fpl$dfixu)
    _dfixu                                   0x08008d09   Thumb Code    90  dfixu.o(x$fpl$dfixu)
    __aeabi_ui2d                             0x08008d63   Thumb Code     0  dflt_clz.o(x$fpl$dfltu)
    _dfltu                                   0x08008d63   Thumb Code    38  dflt_clz.o(x$fpl$dfltu)
    __aeabi_cdcmple                          0x08008d89   Thumb Code     0  dleqf.o(x$fpl$dleqf)
    _dcmple                                  0x08008d89   Thumb Code   120  dleqf.o(x$fpl$dleqf)
    __fpl_dcmple_InfNaN                      0x08008deb   Thumb Code     0  dleqf.o(x$fpl$dleqf)
    __aeabi_dmul                             0x08008e01   Thumb Code     0  dmul.o(x$fpl$dmul)
    _dmul                                    0x08008e01   Thumb Code   332  dmul.o(x$fpl$dmul)
    __fpl_dnaninf                            0x08008f55   Thumb Code   156  dnaninf.o(x$fpl$dnaninf)
    __fpl_dretinf                            0x08008ff1   Thumb Code    12  dretinf.o(x$fpl$dretinf)
    __aeabi_cdrcmple                         0x08008ffd   Thumb Code     0  drleqf.o(x$fpl$drleqf)
    _drcmple                                 0x08008ffd   Thumb Code   108  drleqf.o(x$fpl$drleqf)
    __aeabi_dsub                             0x08009069   Thumb Code     0  daddsub_clz.o(x$fpl$dsub)
    _dsub                                    0x08009069   Thumb Code   464  daddsub_clz.o(x$fpl$dsub)
    __aeabi_f2d                              0x0800923d   Thumb Code     0  f2d.o(x$fpl$f2d)
    _f2d                                     0x0800923d   Thumb Code    86  f2d.o(x$fpl$f2d)
    __aeabi_fadd                             0x08009295   Thumb Code     0  faddsub_clz.o(x$fpl$fadd)
    _fadd                                    0x08009295   Thumb Code   196  faddsub_clz.o(x$fpl$fadd)
    __aeabi_fmul                             0x08009359   Thumb Code     0  fmul.o(x$fpl$fmul)
    _fmul                                    0x08009359   Thumb Code   258  fmul.o(x$fpl$fmul)
    __fpl_fnaninf                            0x0800945b   Thumb Code   140  fnaninf.o(x$fpl$fnaninf)
    __fpl_fretinf                            0x080094e7   Thumb Code    10  fretinf.o(x$fpl$fretinf)
    __aeabi_fsub                             0x080094f1   Thumb Code     0  faddsub_clz.o(x$fpl$fsub)
    _fsub                                    0x080094f1   Thumb Code   234  faddsub_clz.o(x$fpl$fsub)
    _printf_fp_dec                           0x080095db   Thumb Code     4  printf1.o(x$fpl$printf1)
    __I$use$fp                               0x080095de   Number         0  usenofp.o(x$fpl$usenofp)
    asc2_1206                                0x080095de   Data        1140  lcd.o(.constdata)
    asc2_1608                                0x08009a52   Data        1520  lcd.o(.constdata)
    asc2_2412                                0x0800a042   Data        3420  lcd.o(.constdata)
    Region$$Table$$Base                      0x0800b030   Number         0  anon$$obj.o(Region$$Table)
    Region$$Table$$Limit                     0x0800b050   Number         0  anon$$obj.o(Region$$Table)
    CH1                                      0x20000000   Data           8  main.o(.data)
    CH2                                      0x20000008   Data           8  main.o(.data)
    CH3                                      0x20000010   Data           8  main.o(.data)
    CH4                                      0x20000018   Data           8  main.o(.data)
    res0                                     0x20000020   Data           4  main.o(.data)
    res1                                     0x20000024   Data           4  main.o(.data)
    res2                                     0x20000028   Data           4  main.o(.data)
    res3                                     0x2000002c   Data           4  main.o(.data)
    temp0                                    0x20000030   Data           4  main.o(.data)
    temp1                                    0x20000034   Data           4  main.o(.data)
    temp2                                    0x20000038   Data           4  main.o(.data)
    temp3                                    0x2000003c   Data           4  main.o(.data)
    mode                                     0x20000040   Data           1  main.o(.data)
    Number1                                  0x20000041   Data           1  main.o(.data)
    Code                                     0x20000042   Data           5  main.o(.data)
    SystemCoreClock                          0x20000048   Data           4  system_stm32f10x.o(.data)
    AHBPrescTable                            0x2000004c   Data          16  system_stm32f10x.o(.data)
    __stdout                                 0x20000074   Data           4  usart.o(.data)
    USART_RX_STA                             0x20000078   Data           2  usart.o(.data)
    POINT_COLOR                              0x2000007a   Data           2  lcd.o(.data)
    BACK_COLOR                               0x2000007c   Data           2  lcd.o(.data)
    Key_Value                                0x2000007e   Data           1  key.o(.data)
    Data_FDC                                 0x20000080   Data           4  fdc2214.o(.data)
    sys_cmd_tab                              0x20000084   Data          28  usmart.o(.data)
    usmart_nametab                           0x200000a0   Data          80  usmart_config.o(.data)
    usmart_dev                               0x200000f0   Data         244  usmart_config.o(.data)
    str                                      0x200001e8   Data          20  main.o(.bss)
    Flag                                     0x20000200   Data          80  main.o(.bss)
    Flag1                                    0x20000250   Data          80  main.o(.bss)
    USART_RX_BUF                             0x200002a0   Data         200  usart.o(.bss)
    lcddev                                   0x20000368   Data          14  lcd.o(.bss)
    str1                                     0x20000376   Data          20  key.o(.bss)
    __libspace_start                         0x2000038c   Data          96  libspace.o(.bss)
    __temporary_stack_top$libspace           0x200003ec   Data           0  libspace.o(.bss)



==============================================================================

Memory Map of the image

  Image Entry point : 0x08000131

  Load Region LR_IROM1 (Base: 0x08000000, Size: 0x0000b250, Max: 0x00080000, ABSOLUTE, COMPRESSED[0x0000b0f8])

    Execution Region ER_IROM1 (Base: 0x08000000, Size: 0x0000b06c, Max: 0x00080000, ABSOLUTE)

    Base Addr    Size         Type   Attr      Idx    E Section Name        Object

    0x08000000   0x00000130   Data   RO          288    RESET               startup_stm32f10x_hd.o
    0x08000130   0x00000008   Code   RO         4064  * !!!main             c_w.l(__main.o)
    0x08000138   0x00000034   Code   RO         4337    !!!scatter          c_w.l(__scatter.o)
    0x0800016c   0x0000005a   Code   RO         4335    !!dczerorl2         c_w.l(__dczerorl2.o)
    0x080001c6   0x00000002   PAD
    0x080001c8   0x0000001c   Code   RO         4339    !!handler_zi        c_w.l(__scatter_zi.o)
    0x080001e4   0x00000000   Code   RO         4061    .ARM.Collect$$_printf_percent$$00000000  c_w.l(_printf_percent.o)
    0x080001e4   0x00000006   Code   RO         4060    .ARM.Collect$$_printf_percent$$00000003  c_w.l(_printf_f.o)
    0x080001ea   0x00000006   Code   RO         4058    .ARM.Collect$$_printf_percent$$00000009  c_w.l(_printf_d.o)
    0x080001f0   0x00000006   Code   RO         4059    .ARM.Collect$$_printf_percent$$0000000A  c_w.l(_printf_u.o)
    0x080001f6   0x00000006   Code   RO         4057    .ARM.Collect$$_printf_percent$$0000000C  c_w.l(_printf_x.o)
    0x080001fc   0x00000006   Code   RO         4055    .ARM.Collect$$_printf_percent$$00000013  c_w.l(_printf_c.o)
    0x08000202   0x00000006   Code   RO         4056    .ARM.Collect$$_printf_percent$$00000014  c_w.l(_printf_s.o)
    0x08000208   0x00000004   Code   RO         4125    .ARM.Collect$$_printf_percent$$00000017  c_w.l(_printf_percent_end.o)
    0x0800020c   0x00000002   Code   RO         4213    .ARM.Collect$$libinit$$00000000  c_w.l(libinit.o)
    0x0800020e   0x00000000   Code   RO         4215    .ARM.Collect$$libinit$$00000002  c_w.l(libinit2.o)
    0x0800020e   0x00000000   Code   RO         4217    .ARM.Collect$$libinit$$00000004  c_w.l(libinit2.o)
    0x0800020e   0x00000000   Code   RO         4220    .ARM.Collect$$libinit$$0000000A  c_w.l(libinit2.o)
    0x0800020e   0x00000000   Code   RO         4222    .ARM.Collect$$libinit$$0000000C  c_w.l(libinit2.o)
    0x0800020e   0x00000000   Code   RO         4224    .ARM.Collect$$libinit$$0000000E  c_w.l(libinit2.o)
    0x0800020e   0x00000006   Code   RO         4225    .ARM.Collect$$libinit$$0000000F  c_w.l(libinit2.o)
    0x08000214   0x00000000   Code   RO         4227    .ARM.Collect$$libinit$$00000011  c_w.l(libinit2.o)
    0x08000214   0x00000000   Code   RO         4229    .ARM.Collect$$libinit$$00000013  c_w.l(libinit2.o)
    0x08000214   0x00000000   Code   RO         4231    .ARM.Collect$$libinit$$00000015  c_w.l(libinit2.o)
    0x08000214   0x0000000a   Code   RO         4232    .ARM.Collect$$libinit$$00000016  c_w.l(libinit2.o)
    0x0800021e   0x00000000   Code   RO         4233    .ARM.Collect$$libinit$$00000017  c_w.l(libinit2.o)
    0x0800021e   0x00000000   Code   RO         4235    .ARM.Collect$$libinit$$00000019  c_w.l(libinit2.o)
    0x0800021e   0x00000000   Code   RO         4237    .ARM.Collect$$libinit$$0000001B  c_w.l(libinit2.o)
    0x0800021e   0x00000000   Code   RO         4239    .ARM.Collect$$libinit$$0000001D  c_w.l(libinit2.o)
    0x0800021e   0x00000000   Code   RO         4241    .ARM.Collect$$libinit$$0000001F  c_w.l(libinit2.o)
    0x0800021e   0x00000000   Code   RO         4243    .ARM.Collect$$libinit$$00000021  c_w.l(libinit2.o)
    0x0800021e   0x00000000   Code   RO         4245    .ARM.Collect$$libinit$$00000023  c_w.l(libinit2.o)
    0x0800021e   0x00000000   Code   RO         4247    .ARM.Collect$$libinit$$00000025  c_w.l(libinit2.o)
    0x0800021e   0x00000000   Code   RO         4251    .ARM.Collect$$libinit$$0000002C  c_w.l(libinit2.o)
    0x0800021e   0x00000000   Code   RO         4253    .ARM.Collect$$libinit$$0000002E  c_w.l(libinit2.o)
    0x0800021e   0x00000000   Code   RO         4255    .ARM.Collect$$libinit$$00000030  c_w.l(libinit2.o)
    0x0800021e   0x00000000   Code   RO         4257    .ARM.Collect$$libinit$$00000032  c_w.l(libinit2.o)
    0x0800021e   0x00000002   Code   RO         4258    .ARM.Collect$$libinit$$00000033  c_w.l(libinit2.o)
    0x08000220   0x00000002   Code   RO         4286    .ARM.Collect$$libshutdown$$00000000  c_w.l(libshutdown.o)
    0x08000222   0x00000000   Code   RO         4296    .ARM.Collect$$libshutdown$$00000003  c_w.l(libshutdown2.o)
    0x08000222   0x00000000   Code   RO         4299    .ARM.Collect$$libshutdown$$00000006  c_w.l(libshutdown2.o)
    0x08000222   0x00000000   Code   RO         4302    .ARM.Collect$$libshutdown$$00000009  c_w.l(libshutdown2.o)
    0x08000222   0x00000000   Code   RO         4304    .ARM.Collect$$libshutdown$$0000000B  c_w.l(libshutdown2.o)
    0x08000222   0x00000000   Code   RO         4307    .ARM.Collect$$libshutdown$$0000000E  c_w.l(libshutdown2.o)
    0x08000222   0x00000002   Code   RO         4308    .ARM.Collect$$libshutdown$$0000000F  c_w.l(libshutdown2.o)
    0x08000224   0x00000000   Code   RO         4112    .ARM.Collect$$rtentry$$00000000  c_w.l(__rtentry.o)
    0x08000224   0x00000000   Code   RO         4138    .ARM.Collect$$rtentry$$00000002  c_w.l(__rtentry2.o)
    0x08000224   0x00000006   Code   RO         4150    .ARM.Collect$$rtentry$$00000004  c_w.l(__rtentry4.o)
    0x0800022a   0x00000000   Code   RO         4140    .ARM.Collect$$rtentry$$00000009  c_w.l(__rtentry2.o)
    0x0800022a   0x00000004   Code   RO         4141    .ARM.Collect$$rtentry$$0000000A  c_w.l(__rtentry2.o)
    0x0800022e   0x00000000   Code   RO         4143    .ARM.Collect$$rtentry$$0000000C  c_w.l(__rtentry2.o)
    0x0800022e   0x00000008   Code   RO         4144    .ARM.Collect$$rtentry$$0000000D  c_w.l(__rtentry2.o)
    0x08000236   0x00000002   Code   RO         4259    .ARM.Collect$$rtexit$$00000000  c_w.l(rtexit.o)
    0x08000238   0x00000000   Code   RO         4266    .ARM.Collect$$rtexit$$00000002  c_w.l(rtexit2.o)
    0x08000238   0x00000004   Code   RO         4267    .ARM.Collect$$rtexit$$00000003  c_w.l(rtexit2.o)
    0x0800023c   0x00000006   Code   RO         4268    .ARM.Collect$$rtexit$$00000004  c_w.l(rtexit2.o)
    0x08000242   0x00000002   PAD
    0x08000244   0x00000048   Code   RO          289    .text               startup_stm32f10x_hd.o
    0x0800028c   0x00000002   Code   RO         3996    .text               c_w.l(use_no_semi_2.o)
    0x0800028e   0x00000002   PAD
    0x08000290   0x00000018   Code   RO         4002    .text               c_w.l(noretval__2printf.o)
    0x080002a8   0x00000028   Code   RO         4004    .text               c_w.l(noretval__2sprintf.o)
    0x080002d0   0x0000004e   Code   RO         4008    .text               c_w.l(_printf_pad.o)
    0x0800031e   0x00000052   Code   RO         4010    .text               c_w.l(_printf_str.o)
    0x08000370   0x00000078   Code   RO         4012    .text               c_w.l(_printf_dec.o)
    0x080003e8   0x00000058   Code   RO         4017    .text               c_w.l(_printf_hex_int.o)
    0x08000440   0x00000188   Code   RO         4052    .text               c_w.l(__printf_flags_ss_wp.o)
    0x080005c8   0x00000006   Code   RO         4062    .text               c_w.l(heapauxi.o)
    0x080005ce   0x00000002   Code   RO         4110    .text               c_w.l(use_no_semi.o)
    0x080005d0   0x000000b2   Code   RO         4113    .text               c_w.l(_printf_intcommon.o)
    0x08000682   0x0000041a   Code   RO         4115    .text               c_w.l(_printf_fp_dec.o)
    0x08000a9c   0x00000030   Code   RO         4117    .text               c_w.l(_printf_char_common.o)
    0x08000acc   0x0000000a   Code   RO         4119    .text               c_w.l(_sputc.o)
    0x08000ad6   0x0000002c   Code   RO         4121    .text               c_w.l(_printf_char.o)
    0x08000b02   0x00000002   PAD
    0x08000b04   0x00000024   Code   RO         4123    .text               c_w.l(_printf_char_file.o)
    0x08000b28   0x00000008   Code   RO         4155    .text               c_w.l(rt_locale_intlibspace.o)
    0x08000b30   0x0000008a   Code   RO         4157    .text               c_w.l(lludiv10.o)
    0x08000bba   0x00000002   PAD
    0x08000bbc   0x00000080   Code   RO         4159    .text               c_w.l(_printf_fp_infnan.o)
    0x08000c3c   0x000000dc   Code   RO         4163    .text               c_w.l(bigflt0.o)
    0x08000d18   0x00000008   Code   RO         4188    .text               c_w.l(ferror.o)
    0x08000d20   0x00000008   Code   RO         4199    .text               c_w.l(libspace.o)
    0x08000d28   0x0000004a   Code   RO         4202    .text               c_w.l(sys_stackheap_outer.o)
    0x08000d72   0x0000000c   Code   RO         4204    .text               c_w.l(exit.o)
    0x08000d7e   0x00000002   PAD
    0x08000d80   0x00000080   Code   RO         4206    .text               c_w.l(strcmpv7m.o)
    0x08000e00   0x0000003e   Code   RO         4166    CL$$btod_d2e        c_w.l(btod.o)
    0x08000e3e   0x00000046   Code   RO         4168    CL$$btod_d2e_denorm_low  c_w.l(btod.o)
    0x08000e84   0x00000060   Code   RO         4167    CL$$btod_d2e_norm_op1  c_w.l(btod.o)
    0x08000ee4   0x00000338   Code   RO         4176    CL$$btod_div_common  c_w.l(btod.o)
    0x0800121c   0x000000c6   Code   RO         4173    CL$$btod_e2e        c_w.l(btod.o)
    0x080012e2   0x00000028   Code   RO         4170    CL$$btod_ediv       c_w.l(btod.o)
    0x0800130a   0x00000028   Code   RO         4169    CL$$btod_emul       c_w.l(btod.o)
    0x08001332   0x00000244   Code   RO         4175    CL$$btod_mult_common  c_w.l(btod.o)
    0x08001576   0x00000002   PAD
    0x08001578   0x0000002c   Code   RO         3629    i.BEEP_Init         led.o
    0x080015a4   0x00000004   Code   RO          178    i.BusFault_Handler  stm32f10x_it.o
    0x080015a8   0x00000048   Code   RO         3724    i.Cap_Calculate     fdc2214.o
    0x080015f0   0x00000002   Code   RO          179    i.DebugMon_Handler  stm32f10x_it.o
    0x080015f2   0x00000002   PAD
    0x080015f4   0x00000024   Code   RO         3584    i.EXTI4_IRQHandler  key.o
    0x08001618   0x00000024   Code   RO         3585    i.EXTI9_5_IRQHandler  key.o
    0x0800163c   0x0000000c   Code   RO         1116    i.EXTI_ClearFlag    stm32f10x_exti.o
    0x08001648   0x0000000c   Code   RO         1117    i.EXTI_ClearITPendingBit  stm32f10x_exti.o
    0x08001654   0x00000094   Code   RO         1122    i.EXTI_Init         stm32f10x_exti.o
    0x080016e8   0x00000078   Code   RO         3725    i.FCD2214_ReadCH    fdc2214.o
    0x08001760   0x000000e2   Code   RO         3726    i.FDC2214_Init      fdc2214.o
    0x08001842   0x00000002   Code   RO         3727    i.FDC_GPIO_Init     fdc2214.o
    0x08001844   0x0000004c   Code   RO         3728    i.FDC_IIC_Ack       fdc2214.o
    0x08001890   0x0000000a   Code   RO         3729    i.FDC_IIC_Delay     fdc2214.o
    0x0800189a   0x00000002   PAD
    0x0800189c   0x00000034   Code   RO         3730    i.FDC_IIC_Init      fdc2214.o
    0x080018d0   0x0000004c   Code   RO         3731    i.FDC_IIC_NAck      fdc2214.o
    0x0800191c   0x0000006c   Code   RO         3732    i.FDC_IIC_Read_Byte  fdc2214.o
    0x08001988   0x0000005c   Code   RO         3733    i.FDC_IIC_Send_Byte  fdc2214.o
    0x080019e4   0x00000048   Code   RO         3734    i.FDC_IIC_Start     fdc2214.o
    0x08001a2c   0x00000048   Code   RO         3735    i.FDC_IIC_Stop      fdc2214.o
    0x08001a74   0x00000064   Code   RO         3736    i.FDC_IIC_Wait_Ack  fdc2214.o
    0x08001ad8   0x00000042   Code   RO         3737    i.FDC_Read          fdc2214.o
    0x08001b1a   0x00000002   PAD
    0x08001b1c   0x00000034   Code   RO         1355    i.FSMC_NORSRAMCmd   stm32f10x_fsmc.o
    0x08001b50   0x000000e6   Code   RO         1357    i.FSMC_NORSRAMInit  stm32f10x_fsmc.o
    0x08001c36   0x00000002   PAD
    0x08001c38   0x00000040   Code   RO         1467    i.GPIO_EXTILineConfig  stm32f10x_gpio.o
    0x08001c78   0x00000116   Code   RO         1470    i.GPIO_Init         stm32f10x_gpio.o
    0x08001d8e   0x00000008   Code   RO         1473    i.GPIO_ReadInputData  stm32f10x_gpio.o
    0x08001d96   0x00000012   Code   RO         1474    i.GPIO_ReadInputDataBit  stm32f10x_gpio.o
    0x08001da8   0x00000004   Code   RO         1477    i.GPIO_ResetBits    stm32f10x_gpio.o
    0x08001dac   0x00000004   Code   RO         1478    i.GPIO_SetBits      stm32f10x_gpio.o
    0x08001db0   0x00000004   Code   RO          180    i.HardFault_Handler  stm32f10x_it.o
    0x08001db4   0x00000078   Code   RO            1    i.Init_All          main.o
    0x08001e2c   0x000002a8   Code   RO         3586    i.Key_Deal          key.o
    0x080020d4   0x000000f0   Code   RO         3587    i.Key_Init          key.o
    0x080021c4   0x0000001a   Code   RO         3381    i.LCD_BGR2RGB       lcd.o
    0x080021de   0x00000002   PAD
    0x080021e0   0x0000006c   Code   RO         3382    i.LCD_Clear         lcd.o
    0x0800224c   0x000001c0   Code   RO         3386    i.LCD_Display_Dir   lcd.o
    0x0800240c   0x000000b0   Code   RO         3387    i.LCD_DrawLine      lcd.o
    0x080024bc   0x00000024   Code   RO         3388    i.LCD_DrawPoint     lcd.o
    0x080024e0   0x0000003c   Code   RO         3389    i.LCD_DrawRectangle  lcd.o
    0x0800251c   0x00000098   Code   RO         3390    i.LCD_Draw_Circle   lcd.o
    0x080025b4   0x0000017c   Code   RO         3391    i.LCD_Fast_DrawPoint  lcd.o
    0x08002730   0x0000375c   Code   RO         3393    i.LCD_Init          lcd.o
    0x08005e8c   0x00000016   Code   RO         3394    i.LCD_Pow           lcd.o
    0x08005ea2   0x00000002   PAD
    0x08005ea4   0x00000014   Code   RO         3395    i.LCD_RD_DATA       lcd.o
    0x08005eb8   0x0000016c   Code   RO         3396    i.LCD_ReadPoint     lcd.o
    0x08006024   0x00000016   Code   RO         3397    i.LCD_ReadReg       lcd.o
    0x0800603a   0x00000002   PAD
    0x0800603c   0x00000054   Code   RO         3398    i.LCD_SSD_BackLightSet  lcd.o
    0x08006090   0x000002ec   Code   RO         3399    i.LCD_Scan_Dir      lcd.o
    0x0800637c   0x000001a8   Code   RO         3400    i.LCD_SetCursor     lcd.o
    0x08006524   0x00000128   Code   RO         3402    i.LCD_ShowChar      lcd.o
    0x0800664c   0x00000094   Code   RO         3403    i.LCD_ShowNum       lcd.o
    0x080066e0   0x00000066   Code   RO         3404    i.LCD_ShowString    lcd.o
    0x08006746   0x00000002   PAD
    0x08006748   0x0000000c   Code   RO         3406    i.LCD_WR_DATA       lcd.o
    0x08006754   0x0000000c   Code   RO         3407    i.LCD_WR_REG        lcd.o
    0x08006760   0x00000014   Code   RO         3409    i.LCD_WriteRAM_Prepare  lcd.o
    0x08006774   0x00000010   Code   RO         3410    i.LCD_WriteReg      lcd.o
    0x08006784   0x00000038   Code   RO         3630    i.LED_Init          led.o
    0x080067bc   0x000000b0   Code   RO            2    i.Low_pass_filter   main.o
    0x0800686c   0x000000b0   Code   RO            3    i.Low_pass_filter1  main.o
    0x0800691c   0x00000004   Code   RO          181    i.MemManage_Handler  stm32f10x_it.o
    0x08006920   0x00000002   Code   RO          182    i.NMI_Handler       stm32f10x_it.o
    0x08006922   0x00000002   PAD
    0x08006924   0x00000070   Code   RO          293    i.NVIC_Init         misc.o
    0x08006994   0x00000014   Code   RO          294    i.NVIC_PriorityGroupConfig  misc.o
    0x080069a8   0x0000016c   Code   RO            4    i.Number_Calculation  main.o
    0x08006b14   0x000001d0   Code   RO            5    i.Number_Display    main.o
    0x08006ce4   0x00000002   Code   RO          183    i.PendSV_Handler    stm32f10x_it.o
    0x08006ce6   0x00000002   PAD
    0x08006ce8   0x00000020   Code   RO         1885    i.RCC_AHBPeriphClockCmd  stm32f10x_rcc.o
    0x08006d08   0x00000020   Code   RO         1886    i.RCC_APB1PeriphClockCmd  stm32f10x_rcc.o
    0x08006d28   0x00000020   Code   RO         1888    i.RCC_APB2PeriphClockCmd  stm32f10x_rcc.o
    0x08006d48   0x000000d4   Code   RO         1896    i.RCC_GetClocksFreq  stm32f10x_rcc.o
    0x08006e1c   0x00000138   Code   RO         3588    i.Read_KeyValue     key.o
    0x08006f54   0x00000002   Code   RO          184    i.SVC_Handler       stm32f10x_it.o
    0x08006f56   0x00000008   Code   RO          241    i.SetSysClock       system_stm32f10x.o
    0x08006f5e   0x00000002   PAD
    0x08006f60   0x000000e0   Code   RO          242    i.SetSysClockTo72   system_stm32f10x.o
    0x08007040   0x0000005a   Code   RO         3738    i.Set_FDC2214       fdc2214.o
    0x0800709a   0x00000028   Code   RO          297    i.SysTick_CLKSourceConfig  misc.o
    0x080070c2   0x00000002   Code   RO          185    i.SysTick_Handler   stm32f10x_it.o
    0x080070c4   0x00000060   Code   RO          244    i.SystemInit        system_stm32f10x.o
    0x08007124   0x00000038   Code   RO         3826    i.TIM4_IRQHandler   usmart.o
    0x0800715c   0x00000006   Code   RO         2514    i.TIM_ClearFlag     stm32f10x_tim.o
    0x08007162   0x00000006   Code   RO         2515    i.TIM_ClearITPendingBit  stm32f10x_tim.o
    0x08007168   0x00000018   Code   RO         2520    i.TIM_Cmd           stm32f10x_tim.o
    0x08007180   0x00000006   Code   RO         2539    i.TIM_GetCounter    stm32f10x_tim.o
    0x08007186   0x00000012   Code   RO         2540    i.TIM_GetFlagStatus  stm32f10x_tim.o
    0x08007198   0x00000022   Code   RO         2541    i.TIM_GetITStatus   stm32f10x_tim.o
    0x080071ba   0x00000012   Code   RO         2545    i.TIM_ITConfig      stm32f10x_tim.o
    0x080071cc   0x00000004   Code   RO         2579    i.TIM_SetAutoreload  stm32f10x_tim.o
    0x080071d0   0x00000004   Code   RO         2585    i.TIM_SetCounter    stm32f10x_tim.o
    0x080071d4   0x000000a4   Code   RO         2591    i.TIM_TimeBaseInit  stm32f10x_tim.o
    0x08007278   0x0000005c   Code   RO         3827    i.Timer4_Init       usmart.o
    0x080072d4   0x00000088   Code   RO         3340    i.USART1_IRQHandler  usart.o
    0x0800735c   0x00000018   Code   RO         3056    i.USART_Cmd         stm32f10x_usart.o
    0x08007374   0x00000054   Code   RO         3060    i.USART_GetITStatus  stm32f10x_usart.o
    0x080073c8   0x0000004a   Code   RO         3062    i.USART_ITConfig    stm32f10x_usart.o
    0x08007412   0x00000002   PAD
    0x08007414   0x000000d8   Code   RO         3063    i.USART_Init        stm32f10x_usart.o
    0x080074ec   0x0000000a   Code   RO         3070    i.USART_ReceiveData  stm32f10x_usart.o
    0x080074f6   0x00000004   Code   RO          186    i.UsageFault_Handler  stm32f10x_it.o
    0x080074fa   0x00000028   Code   RO         4197    i.__ARM_fpclassify  m_ws.l(fpclassify.o)
    0x08007522   0x0000000e   Code   RO         4045    i._is_digit         c_w.l(__printf_wp.o)
    0x08007530   0x00000006   Code   RO         3341    i._sys_exit         usart.o
    0x08007536   0x00000002   PAD
    0x08007538   0x00000044   Code   RO         3286    i.delay_init        delay.o
    0x0800757c   0x0000004c   Code   RO         3287    i.delay_ms          delay.o
    0x080075c8   0x0000004c   Code   RO         3288    i.delay_us          delay.o
    0x08007614   0x0000001c   Code   RO         3342    i.fputc             usart.o
    0x08007630   0x00000084   Code   RO            6    i.main              main.o
    0x080076b4   0x0000000e   Code   RO         3411    i.opt_delay         lcd.o
    0x080076c2   0x00000006   Code   RO         3828    i.read_addr         usmart.o
    0x080076c8   0x000000a0   Code   RO         3343    i.uart_init         usart.o
    0x08007768   0x000000b0   Code   RO         3829    i.usmart_cmd_rec    usmart.o
    0x08007818   0x000002d4   Code   RO         3830    i.usmart_exe        usmart.o
    0x08007aec   0x000000c8   Code   RO         3922    i.usmart_get_aparm  usmart_str.o
    0x08007bb4   0x00000036   Code   RO         3923    i.usmart_get_cmdname  usmart_str.o
    0x08007bea   0x00000002   PAD
    0x08007bec   0x000001c0   Code   RO         3924    i.usmart_get_fname  usmart_str.o
    0x08007dac   0x0000010c   Code   RO         3925    i.usmart_get_fparam  usmart_str.o
    0x08007eb8   0x00000020   Code   RO         3926    i.usmart_get_parmpos  usmart_str.o
    0x08007ed8   0x00000044   Code   RO         3831    i.usmart_get_runtime  usmart.o
    0x08007f1c   0x00000028   Code   RO         3832    i.usmart_init       usmart.o
    0x08007f44   0x00000016   Code   RO         3927    i.usmart_pow        usmart_str.o
    0x08007f5a   0x00000002   PAD
    0x08007f5c   0x00000030   Code   RO         3833    i.usmart_reset_runtime  usmart.o
    0x08007f8c   0x000000bc   Code   RO         3834    i.usmart_scan       usmart.o
    0x08008048   0x00000016   Code   RO         3928    i.usmart_search_nextc  usmart_str.o
    0x0800805e   0x000000ca   Code   RO         3929    i.usmart_str2num    usmart_str.o
    0x08008128   0x00000022   Code   RO         3930    i.usmart_strcmp     usmart_str.o
    0x0800814a   0x00000016   Code   RO         3931    i.usmart_strcopy    usmart_str.o
    0x08008160   0x00000018   Code   RO         3932    i.usmart_strlen     usmart_str.o
    0x08008178   0x000006e4   Code   RO         3835    i.usmart_sys_cmd_exe  usmart.o
    0x0800885c   0x00000004   Code   RO         3836    i.write_addr        usmart.o
    0x08008860   0x0000002c   Code   RO         4193    locale$$code        c_w.l(lc_numeric_c.o)
    0x0800888c   0x00000062   Code   RO         4066    x$fpl$d2f           fz_ws.l(d2f.o)
    0x080088ee   0x00000002   PAD
    0x080088f0   0x00000150   Code   RO         4068    x$fpl$dadd          fz_ws.l(daddsub_clz.o)
    0x08008a40   0x00000018   Code   RO         4126    x$fpl$dcmpinf       fz_ws.l(dcmpi.o)
    0x08008a58   0x000002b0   Code   RO         4075    x$fpl$ddiv          fz_ws.l(ddiv.o)
    0x08008d08   0x0000005a   Code   RO         4078    x$fpl$dfixu         fz_ws.l(dfixu.o)
    0x08008d62   0x00000026   Code   RO         4082    x$fpl$dfltu         fz_ws.l(dflt_clz.o)
    0x08008d88   0x00000078   Code   RO         4088    x$fpl$dleqf         fz_ws.l(dleqf.o)
    0x08008e00   0x00000154   Code   RO         4090    x$fpl$dmul          fz_ws.l(dmul.o)
    0x08008f54   0x0000009c   Code   RO         4128    x$fpl$dnaninf       fz_ws.l(dnaninf.o)
    0x08008ff0   0x0000000c   Code   RO         4130    x$fpl$dretinf       fz_ws.l(dretinf.o)
    0x08008ffc   0x0000006c   Code   RO         4092    x$fpl$drleqf        fz_ws.l(drleqf.o)
    0x08009068   0x000001d4   Code   RO         4070    x$fpl$dsub          fz_ws.l(daddsub_clz.o)
    0x0800923c   0x00000056   Code   RO         4094    x$fpl$f2d           fz_ws.l(f2d.o)
    0x08009292   0x00000002   PAD
    0x08009294   0x000000c4   Code   RO         4096    x$fpl$fadd          fz_ws.l(faddsub_clz.o)
    0x08009358   0x00000102   Code   RO         4106    x$fpl$fmul          fz_ws.l(fmul.o)
    0x0800945a   0x0000008c   Code   RO         4132    x$fpl$fnaninf       fz_ws.l(fnaninf.o)
    0x080094e6   0x0000000a   Code   RO         4134    x$fpl$fretinf       fz_ws.l(fretinf.o)
    0x080094f0   0x000000ea   Code   RO         4098    x$fpl$fsub          fz_ws.l(faddsub_clz.o)
    0x080095da   0x00000004   Code   RO         4108    x$fpl$printf1       fz_ws.l(printf1.o)
    0x080095de   0x00000000   Code   RO         4136    x$fpl$usenofp       fz_ws.l(usenofp.o)
    0x080095de   0x000017c0   Data   RO         3413    .constdata          lcd.o
    0x0800ad9e   0x00000028   Data   RO         4018    .constdata          c_w.l(_printf_hex_int.o)
    0x0800adc6   0x00000011   Data   RO         4053    .constdata          c_w.l(__printf_flags_ss_wp.o)
    0x0800add7   0x00000001   PAD
    0x0800add8   0x00000094   Data   RO         4164    .constdata          c_w.l(bigflt0.o)
    0x0800ae6c   0x00000028   Data   RO         3837    .conststring        usmart.o
    0x0800ae94   0x0000019b   Data   RO         3909    .conststring        usmart_config.o
    0x0800b02f   0x00000001   PAD
    0x0800b030   0x00000020   Data   RO         4333    Region$$Table       anon$$obj.o
    0x0800b050   0x0000001c   Data   RO         4192    locale$$data        c_w.l(lc_numeric_c.o)


    Execution Region RW_IRAM1 (Base: 0x20000000, Size: 0x00000bf0, Max: 0x00010000, ABSOLUTE, COMPRESSED[0x0000008c])

    Base Addr    Size         Type   Attr      Idx    E Section Name        Object

    0x20000000   0x00000047   Data   RW            8    .data               main.o
    0x20000047   0x00000001   PAD
    0x20000048   0x00000014   Data   RW          245    .data               system_stm32f10x.o
    0x2000005c   0x00000014   Data   RW         1916    .data               stm32f10x_rcc.o
    0x20000070   0x00000004   Data   RW         3289    .data               delay.o
    0x20000074   0x00000006   Data   RW         3345    .data               usart.o
    0x2000007a   0x00000004   Data   RW         3414    .data               lcd.o
    0x2000007e   0x00000002   Data   RW         3590    .data               key.o
    0x20000080   0x00000004   Data   RW         3739    .data               fdc2214.o
    0x20000084   0x0000001c   Data   RW         3838    .data               usmart.o
    0x200000a0   0x00000144   Data   RW         3910    .data               usmart_config.o
    0x200001e4   0x00000004   PAD
    0x200001e8   0x000000b8   Zero   RW            7    .bss                main.o
    0x200002a0   0x000000c8   Zero   RW         3344    .bss                usart.o
    0x20000368   0x0000000e   Zero   RW         3412    .bss                lcd.o
    0x20000376   0x00000014   Zero   RW         3589    .bss                key.o
    0x2000038a   0x00000002   PAD
    0x2000038c   0x00000060   Zero   RW         4200    .bss                c_w.l(libspace.o)
    0x200003ec   0x00000004   PAD
    0x200003f0   0x00000000   Zero   RW          287    HEAP                startup_stm32f10x_hd.o
    0x200003f0   0x00000800   Zero   RW          286    STACK               startup_stm32f10x_hd.o


==============================================================================

Image component sizes


      Code (inc. data)   RO Data    RW Data    ZI Data      Debug   Object Name

         0          0          0          0          0         32   core_cm3.o
       220         26          0          4          0       1571   delay.o
      1234        114          0          4          0       8118   fdc2214.o
      1304        178          0          2         20       3826   key.o
     17862        182       6080          4         14      25182   lcd.o
       100         16          0          0          0        911   led.o
      1432        318          0         71        184     262968   main.o
       172         22          0          0          0     208637   misc.o
        72         26        304          0       2048        824   startup_stm32f10x_hd.o
       172         18          0          0          0       1774   stm32f10x_exti.o
       282          6          0          0          0       1633   stm32f10x_fsmc.o
       376          4          0          0          0       4387   stm32f10x_gpio.o
        26          0          0          0          0       3430   stm32f10x_it.o
       308         38          0         20          0       4662   stm32f10x_rcc.o
       284         42          0          0          0       5648   stm32f10x_tim.o
       408          6          0          0          0       4602   stm32f10x_usart.o
       328         28          0         20          0       1925   system_stm32f10x.o
       330         26          0          6        200       3932   usart.o
      3166       1330         40         28          0       7106   usmart.o
         0          0        411        324          0       1484   usmart_config.o
      1328         20          0          0          0       7913   usmart_str.o

    ----------------------------------------------------------------------
     29434       2400       6868        484       2472     560565   Object Totals
         0          0         32          0          0          0   (incl. Generated)
        30          0          1          1          6          0   (incl. Padding)

    ----------------------------------------------------------------------

      Code (inc. data)   RO Data    RW Data    ZI Data      Debug   Library Member Name

        90          0          0          0          0          0   __dczerorl2.o
         8          0          0          0          0         68   __main.o
       392          4         17          0          0         92   __printf_flags_ss_wp.o
        14          0          0          0          0         68   __printf_wp.o
         0          0          0          0          0          0   __rtentry.o
        12          0          0          0          0          0   __rtentry2.o
         6          0          0          0          0          0   __rtentry4.o
        52          8          0          0          0          0   __scatter.o
        28          0          0          0          0          0   __scatter_zi.o
         6          0          0          0          0          0   _printf_c.o
        44          0          0          0          0        108   _printf_char.o
        48          6          0          0          0         96   _printf_char_common.o
        36          4          0          0          0         80   _printf_char_file.o
         6          0          0          0          0          0   _printf_d.o
       120         16          0          0          0         92   _printf_dec.o
         6          0          0          0          0          0   _printf_f.o
      1050          0          0          0          0        216   _printf_fp_dec.o
       128         16          0          0          0         84   _printf_fp_infnan.o
        88          4         40          0          0         88   _printf_hex_int.o
       178          0          0          0          0         88   _printf_intcommon.o
        78          0          0          0          0        108   _printf_pad.o
         0          0          0          0          0          0   _printf_percent.o
         4          0          0          0          0          0   _printf_percent_end.o
         6          0          0          0          0          0   _printf_s.o
        82          0          0          0          0         80   _printf_str.o
         6          0          0          0          0          0   _printf_u.o
         6          0          0          0          0          0   _printf_x.o
        10          0          0          0          0         68   _sputc.o
       220          4        148          0          0         96   bigflt0.o
      1910        128          0          0          0        672   btod.o
        12          0          0          0          0         72   exit.o
         8          0          0          0          0         68   ferror.o
         6          0          0          0          0        152   heapauxi.o
        44         10         28          0          0         76   lc_numeric_c.o
         2          0          0          0          0          0   libinit.o
        18          0          0          0          0          0   libinit2.o
         2          0          0          0          0          0   libshutdown.o
         2          0          0          0          0          0   libshutdown2.o
         8          4          0          0         96         68   libspace.o
       138          0          0          0          0         80   lludiv10.o
        24          4          0          0          0         84   noretval__2printf.o
        40          6          0          0          0         84   noretval__2sprintf.o
         8          4          0          0          0         68   rt_locale_intlibspace.o
         2          0          0          0          0          0   rtexit.o
        10          0          0          0          0          0   rtexit2.o
       128          0          0          0          0         68   strcmpv7m.o
        74          0          0          0          0         80   sys_stackheap_outer.o
         2          0          0          0          0         68   use_no_semi.o
         2          0          0          0          0         68   use_no_semi_2.o
        98          4          0          0          0         92   d2f.o
       804         16          0          0          0        272   daddsub_clz.o
        24          0          0          0          0         68   dcmpi.o
       688        140          0          0          0        208   ddiv.o
        90          4          0          0          0         92   dfixu.o
        38          0          0          0          0         68   dflt_clz.o
       120          4          0          0          0         92   dleqf.o
       340         12          0          0          0        104   dmul.o
       156          4          0          0          0         92   dnaninf.o
        12          0          0          0          0         68   dretinf.o
       108          0          0          0          0         80   drleqf.o
        86          4          0          0          0         84   f2d.o
       430          8          0          0          0        168   faddsub_clz.o
       258          4          0          0          0         84   fmul.o
       140          4          0          0          0         84   fnaninf.o
        10          0          0          0          0         68   fretinf.o
         4          0          0          0          0         68   printf1.o
         0          0          0          0          0          0   usenofp.o
        40          0          0          0          0         68   fpclassify.o

    ----------------------------------------------------------------------
      8628        422        234          0        100       5000   Library Totals
        18          0          1          0          4          0   (incl. Padding)

    ----------------------------------------------------------------------

      Code (inc. data)   RO Data    RW Data    ZI Data      Debug   Library Name

      5164        218        233          0         96       3140   c_w.l
      3406        204          0          0          0       1792   fz_ws.l
        40          0          0          0          0         68   m_ws.l

    ----------------------------------------------------------------------
      8628        422        234          0        100       5000   Library Totals

    ----------------------------------------------------------------------

==============================================================================


      Code (inc. data)   RO Data    RW Data    ZI Data      Debug   

     38062       2822       7102        484       2572     556513   Grand Totals
     38062       2822       7102        140       2572     556513   ELF Image Totals (compressed)
     38062       2822       7102        140          0          0   ROM Totals

==============================================================================

    Total RO  Size (Code + RO Data)                45164 (  44.11kB)
    Total RW  Size (RW Data + ZI Data)              3056 (   2.98kB)
    Total ROM Size (Code + RO Data + RW Data)      45304 (  44.24kB)

==============================================================================

